c7e00000 T _start
c7e00020 t _undefined_instruction
c7e00024 t _software_interrupt
c7e00028 t _prefetch_abort
c7e0002c t _data_abort
c7e00030 t _not_used
c7e00034 t _irq
c7e00038 t _fiq
c7e0003c t _pad
c7e00040 T _end_vect
c7e00040 t _TEXT_BASE
c7e00044 t _TEXT_PHY_BASE
c7e00048 T _armboot_start
c7e0004c T _bss_start
c7e00050 T _bss_end
c7e00054 t reset
c7e00064 t cpu_init_crit
c7e000b8 t after_copy
c7e000f0 t enable_mmu
c7e00110 t mmu_on
c7e0012c t skip_hw_init
c7e0012c t stack_setup
c7e00130 t clear_bss
c7e0013c t clbss_l
c7e00150 t _start_armboot
c7e00154 t _mmu_table_base
c7e00158 T copy_from_nand
c7e001a4 t copy_failed
c7e001ac t compare_failed
c7e001b4 T theLastJump
c7e001d0 t phy_last_jump
c7e00200 t undefined_instruction
c7e00260 t software_interrupt
c7e002c0 t prefetch_abort
c7e00320 t data_abort
c7e00380 t not_used
c7e003e0 t irq
c7e00440 t fiq
c7e004a0 T arm1136_cache_flush
c7e004c0 T mem_ctrl_asm_init
c7e005bc t check_dmc1_ready
c7e005d8 T cleanDCache
c7e005e4 T cleanFlushDCache
c7e005f0 T cleanFlushCache
c7e0061c T copy_uboot_to_ram
c7e00734 t _Read_512Byte
c7e00754 t _Write_512Byte
c7e00774 t nand_calculate_ecc_8bit
c7e00824 t NAND_ReadPage_mlc
c7e00b20 T NandIsMlc1
c7e00b30 T NandIsMlc2
c7e00b40 T NandIsMlc
c7e00b58 T NAND_Init
c7e00df4 T NAND_ReadPage
c7e01058 T NAND_CheckBlock
c7e01170 T NAND_MarkBlockBad
c7e01270 T NAND_WriteSectorWithOOB
c7e01624 T NAND_ReadSectorWithOOB
c7e01760 T NAND_EraseBlock
c7e01820 T FriendlyARMWriteNandMlcBoot
c7e01930 T FriendlyARMCheckData
c7e019b0 t FlagNandIsMlc1
c7e019b4 t FlagNandIsMlc2
c7e019b8 t FlagNandIsSlc
c7e01a2c T NandSizeInByteShift
c7e01a30 T NandBlockSizeInByteShift
c7e01a34 T NandEccBit
c7e01a38 T NandOobSize
c7e01a3c T NandPageSizeInByteShift
c7e01a40 T movi_set_capacity
c7e01a44 T movi_set_ofs
c7e01a90 T movi_bl2_copy
c7e01ad4 T movi_read_env
c7e01ae8 T movi_write_env
c7e01afc T movi_init
c7e01b2c T raise
c7e01b30 T __aeabi_ldiv0
c7e01b34 T __div0
c7e01b38 t _TEXT_BASE
c7e01b3c T lowlevel_init
c7e01c0c t wakeup_reset
c7e01c38 t system_clock_init
c7e01c6c t check_syncack
c7e01d0c t uart_asm_init
c7e01d5c t nand_asm_init
c7e01ddc t READ_TIMER
c7e01df4 T enable_interrupts
c7e01df8 T disable_interrupts
c7e01e00 T set_timer
c7e01e10 T reset_timer_masked
c7e01e30 T reset_timer
c7e01e34 T get_timer_masked
c7e01e7c T get_timer
c7e01e90 T udelay
c7e01f04 T udelay_masked
c7e01f78 T get_ticks
c7e01f8c T get_tbclk
c7e01fa4 T interrupt_init
c7e02034 T show_regs
c7e02174 T bad_mode
c7e02190 T do_irq
c7e021b4 T do_fiq
c7e021d8 T do_not_used
c7e021fc T do_data_abort
c7e02220 T do_prefetch_abort
c7e02244 T do_software_interrupt
c7e02268 T do_undefined_instruction
c7e0228c t read_p15_c1
c7e02294 t write_p15_c1
c7e0229c t cp_delay
c7e022c8 T cpu_init
c7e022d0 T icache_enable
c7e022ec T icache_disable
c7e02308 T icache_status
c7e0231c T dcache_enable
c7e02338 T dcache_disable
c7e02354 T dcache_status
c7e02368 T branch_enable
c7e02384 T branch_disable
c7e023a0 T branch_status
c7e023b4 T cleanup_before_linux
c7e023e0 T reset_cpu
c7e02418 T do_reset
c7e02430 t wait_for_r_buf_ready
c7e0248c t wait_for_cmd_done
c7e024dc t wait_for_data_done
c7e024f8 t ClearCommandCompleteStatus
c7e02528 t ClearTransferCompleteStatus
c7e02550 t ClearBufferReadReadyStatus
c7e02578 t card_irq_enable
c7e0259c T hsmmc_reset
c7e025b0 T hsmmc_set_gpio
c7e025e4 t set_transfer_mode_register
c7e02618 t set_arg_register
c7e02628 t set_blkcnt_register
c7e02638 t SetSystemAddressReg
c7e02648 t set_blksize_register
c7e02664 t ClearErrInterruptStatus
c7e02690 t hsmmc_clock_onoff
c7e026dc t set_cmd_register
c7e02734 t set_hostctl_speed
c7e02754 t check_dma_int
c7e027b8 t issue_command
c7e028ac t check_card_status
c7e028e8 T movi_read
c7e02a08 t set_mmc_speed
c7e02a44 T movi_write
c7e02bb0 t set_clock
c7e02c34 t set_sd_speed
c7e02d24 t process_ext_csd
c7e02df8 T hsmmc_init
c7e032c0 T test_hsmmc
c7e03800 t S3C64XX_GetBase_UART
c7e03810 T serial_setbrg
c7e03814 T serial_init
c7e03824 T serial_getc
c7e03844 T serial_putc
c7e03874 T serial_tstc
c7e0388c T serial_puts
c7e038b4 t get_PLLCLK
c7e03920 T get_UCLK
c7e03928 T get_FCLK
c7e03930 T get_PCLK
c7e03984 T get_HCLK
c7e039d8 T get_ARMCLK
c7e03a00 T print_cpuinfo
c7e03ab8 T sbrk
c7e03aec T hang
c7e03afc t display_dram_config
c7e03b38 t display_banner
c7e03b58 t init_baudrate
c7e03bbc T start_armboot
c7e03de4 t __fswab16
c7e03df8 t __fswab32
c7e03e18 t startAgainTimeout
c7e03e2c t startAgainHandler
c7e03e30 T NetSetHandler
c7e03e40 T NetCksum
c7e03e88 T NetCksumOk
c7e03eac T copy_filename
c7e03f04 T string_to_VLAN
c7e03f50 T getenv_VLAN
c7e03f60 T string_to_ip
c7e03fc8 T getenv_IPaddr
c7e03fd8 T NetEthHdrSize
c7e0401c T VLAN_to_string
c7e04074 T ip_to_string
c7e040b4 T print_IPaddr
c7e040d0 t NetCopyIP
c7e040d8 T NetSetIP
c7e041d8 T NetSetEther
c7e0428c t NetReadIP
c7e042a8 t PingHandler
c7e042d0 t NetWriteIP
c7e042ec T NetSendPacket
c7e042f0 T ArpRequest
c7e043dc T NetReceive
c7e048ac T PingSend
c7e049e8 T NetSetTimeout
c7e04a18 T NetSendUDPPacket
c7e04b54 T NetStartAgain
c7e04bd0 T ArpTimeoutCheck
c7e04c44 t PingTimeout
c7e04c60 T NetLoop
c7e05058 t __fswab16
c7e0506c t TftpSend
c7e051cc T TftpStart
c7e053c0 t TftpTimeout
c7e0541c t TftpHandler
c7e05654 t __fswab16
c7e05668 t __fswab32
c7e05688 t truncate_sz
c7e056bc t NetWriteIP
c7e056d8 t NetCopyIP
c7e056e0 t NetReadLong
c7e056fc T BootpRequest
c7e05900 t BootpHandler
c7e05c30 t BootpTimeout
c7e05c78 T RarpRequest
c7e05d80 t RarpHandler
c7e05ddc t RarpTimeout
c7e05e24 T eth_initialize
c7e05e2c t __fswab32
c7e05e4c t NfsTimeout
c7e05e70 t basename
c7e05eac t dirname
c7e05ec8 t rpc_add_credentials
c7e05fa0 t rpc_lookup_reply
c7e06040 t nfs_mount_reply
c7e060dc t nfs_umountall_reply
c7e0615c t nfs_lookup_reply
c7e061f0 t rpc_req
c7e062fc t rpc_lookup_req
c7e06360 t nfs_mount_req
c7e063f0 t nfs_umountall_req
c7e06448 t nfs_lookup_req
c7e064ec t nfs_read_req
c7e0656c t nfs_readlink_req
c7e065c4 t NfsSend
c7e06658 T NfsStart
c7e0688c t nfs_readlink_reply
c7e06984 t nfs_read_reply
c7e06ac8 t NfsHandler
c7e06cb0 t dm9000_outblk_8bit
c7e06cd8 t dm9000_outblk_16bit
c7e06d10 t dm9000_outblk_32bit
c7e06d40 t dm9000_inblk_8bit
c7e06d68 t dm9000_inblk_16bit
c7e06da0 t dm9000_inblk_32bit
c7e06dd0 t dm9000_rx_status_32bit
c7e06df8 t dm9000_rx_status_16bit
c7e06e1c t dm9000_rx_status_8bit
c7e06e50 t DM9000_ior
c7e06e68 t DM9000_iow
c7e06e80 T write_srom_word
c7e06ed8 T read_srom_word
c7e06f2c T eth_halt
c7e06f9c t phy_read
c7e06ff4 t dm9000_reset
c7e07094 T eth_set_mac
c7e07110 T eth_rx
c7e07258 T eth_send
c7e0732c T eth_init
c7e07694 T nand_init
c7e07730 t generic_ffs
c7e07788 t nand_release_device
c7e077a0 t nand_read_byte
c7e077b0 t nand_read_byte16
c7e077c4 t nand_read_word
c7e077d4 t nand_write_buf
c7e07808 t nand_read_buf
c7e07830 t nand_verify_buf
c7e07878 t nand_write_buf16
c7e078b0 t nand_read_buf16
c7e078e8 t nand_verify_buf16
c7e07934 t nand_block_bad
c7e07a24 t nand_check_wp
c7e07a60 T nand_wait_ready
c7e07a74 t nand_read_page_raw
c7e07aac t nand_read_page_swecc
c7e07bc4 t nand_read_page_hwecc
c7e07cf4 t nand_read_page_syndrome
c7e07e18 t nand_read_oob_std
c7e07e5c t nand_read_oob_syndrome
c7e07f6c t nand_write_oob_std
c7e07fdc t nand_write_oob_syndrome
c7e08194 t nand_write_page_raw
c7e081c8 t nand_write_page_swecc
c7e0826c t nand_write_page_hwecc
c7e08338 t nand_write_page_syndrome
c7e08428 t nand_write_page
c7e084e8 t single_erase_cmd
c7e08524 t multi_erase_cmd
c7e085b0 t nand_sync
c7e085b4 t nand_suspend
c7e085bc T nand_release
c7e085e4 t nand_resume
c7e08604 T nand_scan_ident
c7e08ac4 T nand_scan_tail
c7e08f88 T nand_scan
c7e08fa8 t nand_select_chip
c7e09004 t nand_block_isbad
c7e09064 t nand_block_markbad
c7e090a0 t nand_fill_oob
c7e091b4 t nand_do_write_oob
c7e092bc t nand_do_write_ops
c7e095dc t nand_write_oob
c7e0968c t nand_write
c7e09724 t nand_transfer_oob
c7e09838 t nand_do_read_ops
c7e09bd4 t nand_read_oob
c7e09d98 T nand_read
c7e09e30 t nand_command
c7e09fec t nand_command_lp
c7e0a234 t nand_default_block_markbad
c7e0a30c T nand_erase_nand
c7e0a5a4 t nand_erase
c7e0a5ac t nand_wait
c7e0a680 T nand_calculate_ecc
c7e0a778 T nand_correct_data
c7e0a8a4 t check_pattern
c7e0a95c t scan_read_raw
c7e0a9a8 t search_bbt
c7e0ab40 T nand_isbad_bbt
c7e0ab90 t create_bbt
c7e0ae98 t read_bbt
c7e0b0a0 t read_abs_bbt
c7e0b16c t write_bbt
c7e0b7a8 T nand_update_bbt
c7e0b900 t mark_bbt_region
c7e0ba6c T nand_scan_bbt
c7e0bee0 T nand_default_bbt
c7e0bfa4 T FriendlyARMGetDataFromUsbAndWriteNand
c7e0c0a0 t ExecuteCmd
c7e0c0a8 t SetLinuxCommandLine
c7e0c148 T FriendlyARM1Wire
c7e0c180 T run_command
c7e0c5b8 t cread_add_char
c7e0c6a8 t cread_add_str
c7e0c6f8 T readline
c7e0cd94 T FriendlyARMMenu
c7e0d1fc T main_loop
c7e0d324 t print_num
c7e0d338 T do_bdinfo
c7e0d418 T do_go
c7e0d498 t __fswab32
c7e0d4b8 t do_imls
c7e0d4c0 T gunzip
c7e0d618 t zfree
c7e0d620 t zalloc
c7e0d630 T print_image_hdr
c7e0d9dc T do_bootm
c7e0df88 t on_off
c7e0dfc4 T do_branch
c7e0e048 T do_dcache
c7e0e0cc T do_icache
c7e0e150 t flash_fill_sect_ranges
c7e0e160 T flash_sect_protect
c7e0e1f4 T flash_sect_erase
c7e0e264 t addr_spec
c7e0e320 T do_flinfo
c7e0e358 t abbrev_spec
c7e0e390 T do_protect
c7e0e55c T do_flerase
c7e0e6a8 t evalstr
c7e0e6c4 t evalexp
c7e0e710 T binary_test
c7e0e8f0 T do_itest
c7e0e998 T ktrans
c7e0e9b8 T chk1
c7e0e9e8 t bin_data_init
c7e0ea04 t bin_data_char
c7e0ea34 T k_data_init
c7e0ea54 T k_data_save
c7e0ea7c T k_data_restore
c7e0eaa4 T k_data_char
c7e0eaf4 T send_pad
c7e0eb24 T s1_sendpacket
c7e0eb50 T handle_send_packet
c7e0ed14 T send_nack
c7e0ed74 T send_ack
c7e0edd4 t load_serial_ymodem
c7e0ef14 t getcxmodem
c7e0ef34 T do_load_serial_bin
c7e0f3b0 t load_serial
c7e0f5e8 T do_load_serial
c7e0f6c8 T do_mem_base
c7e0f70c T do_mem_crc
c7e0f7c4 T do_mem_mtest
c7e0f8f0 T cmd_get_data_size
c7e0f968 T do_mem_loop
c7e0fa6c T do_mem_cp
c7e0fb9c T do_mem_cmp
c7e0fd40 T do_mem_mw
c7e0fe14 t mod_mem
c7e0ff70 T do_mem_nm
c7e0ff90 T do_mem_mm
c7e0ffb0 T do_mem_md
c7e1018c T do_sleep
c7e1021c t __fswab32
c7e1023c t nand_read
c7e10264 T FriendlyARMGetNandSizeInMB
c7e102b0 t str2long
c7e102ec t arg_off_size
c7e103c8 T do_nandboot
c7e105fc T FriendlyARMFormat
c7e10660 T FriendlyARMFormatFrom
c7e1068c T FriendlyARMWriteNand
c7e10a48 T FriendlyARMReadNand
c7e10b68 T do_nand
c7e11950 T do_ping
c7e119d8 t netboot_common
c7e11c94 T do_nfs
c7e11ca0 T do_rarpb
c7e11cac T do_tftpb
c7e11cb8 T do_bootp
c7e11cc4 t envmatch
c7e11d34 T getenv_r
c7e11df4 T do_saveenv
c7e11e20 T getenv
c7e11e9c T _do_setenv
c7e12344 T do_setenv
c7e12384 T setenv
c7e123b8 T do_printenv
c7e12584 T usb_get_class_desc
c7e1262c T usb_display_ep_desc
c7e12700 T usb_display_class_sub
c7e12874 T usb_show_tree_graph
c7e12a8c T usb_show_tree
c7e12ac0 T usb_display_desc
c7e12bf0 T usb_display_string
c7e12c28 T usb_display_if_desc
c7e12cb0 T usb_display_conf_desc
c7e12d5c T usb_display_config
c7e12dec T do_usb
c7e12fc8 T find_cmd
c7e1305c T do_echo
c7e130dc T do_help
c7e13288 T do_version
c7e132a8 T do_exit
c7e132d8 T do_test
c7e13754 t console_setfile
c7e13814 T fgetc
c7e1383c T ftstc
c7e13864 T fputc
c7e13890 T fputs
c7e138bc T disable_ctrlc
c7e138d4 T had_ctrlc
c7e138e4 T clear_ctrlc
c7e138f8 T dbg
c7e13904 T console_init_f
c7e13920 T console_assign
c7e139b0 T fprintf
c7e139f8 T puts
c7e13a20 T vprintf
c7e13a4c T printf
c7e13a8c T console_init_r
c7e13c3c T serial_printf
c7e13c7c T putc
c7e13ca4 T tstc
c7e13cc8 T getc
c7e13cec T ctrlc
c7e13d48 T devices_done
c7e13d64 T device_register
c7e13d88 T devices_init
c7e13e34 T malloc_bin_reloc
c7e13e74 T malloc_usable_size
c7e13eb8 T mallopt
c7e13f30 T malloc_trim
c7e13ffc T free
c7e14228 T cfree
c7e1422c T malloc
c7e1480c T memalign
c7e1491c T pvalloc
c7e14934 T valloc
c7e14940 T calloc
c7e14a20 T realloc
c7e14e9c t env_get_char_init
c7e14eac T env_get_char_memory
c7e14ed8 T env_get_addr
c7e14f04 T env_crc_update
c7e14f30 T env_relocate
c7e14fdc T env_get_char_spec
c7e14ff4 T env_init
c7e15020 t use_default
c7e150b8 T env_relocate_spec
c7e151b4 T saveenv
c7e152a8 t dummy
c7e152ac T get_version
c7e152b4 T jumptable_init
c7e1539c T flash_protect
c7e15498 T addr2info
c7e154a0 T flash_write
c7e154b0 T flash_perror
c7e15590 t b_reset
c7e155ac T simple_itoa
c7e15600 t static_get
c7e1561c t static_peek
c7e15628 t file_peek
c7e15634 t setup_string_in_str
c7e15660 t indenter
c7e15670 t is_assignment
c7e156cc T mapset
c7e156f8 T u_boot_hush_start
c7e15788 t file_get
c7e15958 t syntax_err
c7e15964 t xmalloc
c7e15984 T new_pipe
c7e159ac t free_pipe_list
c7e15a98 t b_free
c7e15abc t xrealloc
c7e15adc t done_command
c7e15b64 t initialize_context
c7e15b9c t done_pipe
c7e15bec t b_addchr
c7e15c68 t b_addqchr
c7e15cb4 T reserved_word
c7e15dec t done_word
c7e15f70 t insert_var_value
c7e16120 t set_local_var
c7e162d0 T update_ifs_map
c7e16340 t parse_stream_outer
c7e16920 T parse_file_outer
c7e16964 T parse_string_outer
c7e16a2c t run_list_real
c7e171d8 T GetHandleSize
c7e171e0 T ListSetAllocationPolicy
c7e171f4 T ListGetPtrToItem
c7e1722c T ListGetDataPtr
c7e17238 T ListGetItemSize
c7e17244 T ListNumItems
c7e17250 T ListGetItems
c7e17298 T SetHandleSize
c7e17314 T ListInsertItems
c7e174e4 T ListInsertItem
c7e174ec T DisposeHandle
c7e1750c T ListDispose
c7e17510 T NewHandle
c7e1756c T ListCreate
c7e175cc t hex1_bin
c7e17604 t hex2_bin
c7e17638 T srec_decode
c7e178a8 T usb_disable_asynch
c7e178c0 T usb_maxpacket
c7e178e4 T usb_set_maxpacket
c7e179f0 T usb_get_dev_index
c7e17a20 T usb_hub_reset
c7e17a34 T usb_hub_allocate
c7e17a7c T usb_alloc_new_device
c7e17b18 T usb_parse_config
c7e17cac T usb_submit_int_msg
c7e17cb0 T usb_stop
c7e17ce0 T wait_ms
c7e17d04 T usb_bulk_msg
c7e17d68 T usb_control_msg
c7e17e68 T usb_get_port_status
c7e17ec8 T usb_get_hub_status
c7e17f1c T usb_set_port_feature
c7e17f7c T usb_clear_port_feature
c7e17fdc T usb_clear_hub_feature
c7e18030 T usb_get_hub_descriptor
c7e1808c T usb_get_string
c7e18118 t usb_string_sub
c7e1821c T usb_string
c7e1831c T usb_get_class_descriptor
c7e1838c T usb_get_report
c7e183fc T usb_set_idle
c7e18460 T usb_set_protocol
c7e184c0 T usb_set_configuration
c7e18528 T usb_set_interface
c7e185f4 T usb_set_address
c7e18638 T usb_get_descriptor
c7e186a4 T usb_get_configuration_no
c7e1874c T usb_clear_halt
c7e18800 t usb_hub_power_on
c7e18844 T usb_hub_port_connect_change
c7e189a0 T usb_hub_configure
c7e18be0 T usb_hub_probe
c7e18c40 T usb_new_device
c7e18ed0 T usb_scan_devices
c7e18f34 T usb_init
c7e18fb0 T parse_num
c7e190d8 T xyzModem_error
c7e19174 T xyzModem_stream_close
c7e191c0 T CYGACC_COMM_IF_PUTC
c7e191c8 T CYGACC_COMM_IF_GETC_TIMEOUT
c7e1921c t xyzModem_flush
c7e19244 T xyzModem_stream_terminate
c7e19318 t xyzModem_get_hdr
c7e1959c T xyzModem_stream_read
c7e19828 T xyzModem_stream_open
c7e19988 T do_usbd_dnw
c7e19a9c T FriendlyARMGetDataFromUSB
c7e19bbc T do_movi
c7e19e2c T parse_line_n
c7e19eb8 T run_command_n
c7e1a284 T erase_nand
c7e1a2ac T setenvx
c7e1a314 T test
c7e1a34c T cyg_crc16
c7e1a394 T crc32
c7e1a4a8 T crc32_no_comp
c7e1a5b4 T print_size
c7e1a654 T display_options
c7e1a674 T strcpy
c7e1a690 T strncpy
c7e1a6b8 T strcat
c7e1a6ec T strncat
c7e1a750 T strcmp
c7e1a788 T strncmp
c7e1a7d8 T strchr
c7e1a804 T strlen
c7e1a824 T strrchr
c7e1a85c T strnlen
c7e1a884 T strspn
c7e1a8c8 T strpbrk
c7e1a908 T strtok
c7e1a988 T strsep
c7e1a9bc T strswab
c7e1aa08 T memset
c7e1aa28 T bcopy
c7e1aa54 T memcpy
c7e1aa78 T memmove
c7e1aad4 T memcmp
c7e1ab14 T memscan
c7e1ab44 T strstr
c7e1aba8 T memchr
c7e1abd8 T strdup
c7e1ac0c T simple_strtoul
c7e1acc4 T simple_strtol
c7e1acec t skip_atoi
c7e1ad24 t number
c7e1af90 T panic
c7e1afe0 T vsprintf
c7e1b3e4 T sprintf
c7e1b40c t falloc
c7e1b430 t ffree
c7e1b434 t inflate_trees_free
c7e1b468 t huft_build
c7e1ba30 t inflate_trees_fixed
c7e1bc2c t inflate_codes_new
c7e1bc7c t inflate_codes_free
c7e1bc9c t inflate_blocks_reset
c7e1bd64 T inflateEnd
c7e1bdfc T inflateReset
c7e1be5c T inflateSync
c7e1bf5c T inflateInit2
c7e1c0a0 T inflateInit
c7e1c0a8 T adler32
c7e1c220 T inflateIncomp
c7e1c34c t inflate_flush
c7e1c4c0 T inflate
c7e1e1a0 T board_init
c7e1e240 T dram_init
c7e1e270 T virt_to_phy_smdk6410
c7e1e2a0 T checkboard
c7e1e2b8 T board_late_init
c7e1e350 t write_hword
c7e1e448 T write_buff
c7e1e5bc T flash_print_info
c7e1e6d0 T flash_erase
c7e1e8d4 T flash_init
c7e1e920 t td_alloc
c7e1e960 t urb_free_priv
c7e1e998 T rh_check_port_status
c7e1e9a0 T submit_common_msg
c7e1e9a8 T submit_bulk_msg
c7e1e9b0 T submit_control_msg
c7e1e9b8 T submit_int_msg
c7e1e9c0 T usb_lowlevel_init
c7e1e9c8 T usb_lowlevel_stop
c7e1e9d0 t td_fill
c7e1ea84 T sohci_submit_job
c7e1f010 t s3c_nand_hwcontrol
c7e1f088 t s3c_nand_device_ready
c7e1f0a4 t s3c_nand_enable_hwecc
c7e1f108 t s3c_nand_calculate_ecc
c7e1f1d4 t s3c_nand_write_oob_1bit
c7e1f2b4 t s3c_nand_read_oob_1bit
c7e1f378 t s3c_nand_write_page_1bit
c7e1f4e0 t s3c_nand_read_page_1bit
c7e1f680 T board_nand_init
c7e1f884 t s3c_nand_correct_data
c7e1fa60 t s3c_nand_scan_bbt
c7e1fa64 T s3c_usb_core_soft_reset
c7e1fa84 T s3c_usb_init_core
c7e1faa0 T s3c_usb_check_current_mode
c7e1fab4 T s3c_usb_set_soft_disconnect
c7e1fac8 T s3c_usb_clear_soft_disconnect
c7e1fadc T s3c_usb_init_device
c7e1fb1c T s3c_usbc_activate
c7e1fb24 T s3c_usb_stop
c7e1fb2c T s3c_usb_set_inep_xfersize
c7e1fb58 T s3c_usb_set_outep_xfersize
c7e1fb88 T s3c_usb_write_ep0_fifo
c7e1fbe0 T s3c_usb_write_in_fifo
c7e1fc38 T s3c_usb_read_out_fifo
c7e1fc8c T s3c_usb_get_desc
c7e1fe5c T s3c_usb_clear_feature
c7e1fed8 T s3c_usb_set_feature
c7e20038 T s3c_usb_get_status
c7e200e0 T s3c_usb_ep0_int_hndlr
c7e202f8 T s3c_usb_set_otherspeed_conf_desc
c7e20418 T s3c_usb_transfer_ep0
c7e210dc T s3c_usb_int_bulkin
c7e212a8 T s3c_usb_upload_start
c7e214d4 T s3c_usb_download_start
c7e216e0 T s3c_usb_dma_in_done
c7e217f0 T s3c_usb_set_all_outep_nak
c7e21818 T s3c_usb_clear_all_outep_nak
c7e21840 T s3c_usb_set_max_pktsize
c7e218f0 T s3c_usb_set_endpoint
c7e21944 T s3c_usb_set_descriptors
c7e21ae0 T s3c_usb_check_speed
c7e21af8 T s3c_usb_clear_dnfile_info
c7e21b38 T s3c_usb_clear_upfile_info
c7e21b78 T s3c_usb_check_setconf
c7e21ba8 T s3c_usb_set_opmode
c7e21c78 T s3c_usb_reset
c7e21ce0 T s3c_usb_set_init
c7e21d3c T s3c_usb_verify_checksum
c7e21e24 T s3c_usb_download_continue
c7e21f90 T s3c_usb_int_bulkout
c7e21fe0 T s3c_usb_pkt_receive
c7e22060 T s3c_usb_print_pkt
c7e220ac T s3c_usb_dma_out_done
c7e221c8 T s3c_usb_transfer
c7e222ec T s3c_udc_int_hndlr
c7e22388 T s3c_usb_wait_cable_insert
c7e223d4 T s3c_usb_init_phy
c7e2240c T s3c_usbctl_init
c7e224d0 t __fswab32
c7e224f0 T do_bootm_linux
c7e228ec T flush_cache
c7e228f0 t set_pin_as_output
c7e2290c t set_pin_value
c7e22930 t WaitTimerTick
c7e22958 t crc8
c7e22994 t TryOneWireSession
c7e22adc T SetBacklightOfLCD
c7e22b04 T GetInfo
c7e22b48 T InitOneWire
c7e22b8c t nand_block_bad_scrub
c7e22b94 T nand_lock
c7e22be8 T nand_unlock
c7e22cf8 T nand_get_lock_status
c7e22d84 T nand_read_opts
c7e23118 T nand_write_opts
c7e23628 T nand_erase_opts
c7e23994 T __div64_32
c7e23a88 T __aeabi_uidiv
c7e23a88 T __udivsi3
c7e23a88 t .udivsi3_nodiv0
c7e23b7c T __aeabi_uidivmod
c7e23b9c T __aeabi_idiv
c7e23b9c T __divsi3
c7e23ba4 t .divsi3_nodiv0
c7e23cc4 T __aeabi_idivmod
c7e23ce4 T __aeabi_lasr
c7e23ce4 T __ashrdi3
c7e23d00 T __aeabi_llsl
c7e23d00 T __ashldi3
c7e23d1c W __aeabi_idiv0
c7e23f48 r C.8.2279
c7e23fc8 R version_string
c7e2400e r default_nand_name
c7e24013 r __FUNCTION__.4061
c7e24022 r __FUNCTION__.2620
c7e24033 r __FUNCTION__.3605
c7e24041 r __FUNCTION__.3120
c7e24053 r C.19.2774
c7e24055 r nand_ecc_precalc_table
c7e24158 r baudrate_table
c7e2416c r crc16_tab
c7e2436c r crc_table
c7e2476c r border
c7e247b8 r inflate_mask
c7e247fc R config_full
c7e24805 R config_full_total
c7e24825 R config_high
c7e2482e R config_high_total
c7e2484e R qualifier_desc
c7e24858 R string_desc0
c7e2485c R string_desc1
c7e24872 R string_desc2
c7e2aa54 D init_sequence
c7e2aa88 D NetOurVLAN
c7e2aa8a D NetBcastAddr
c7e2aa90 D NetOurNativeVLAN
c7e2aa94 d nfs_offset
c7e2aa98 D nand_curr_device
c7e2aa9c d nand_oob_8
c7e2abec d nand_oob_16
c7e2ad3c d nand_oob_64
c7e2ae8c D nand_flash_ids
c7e2b414 D nand_manuf_ids
c7e2b454 d bbt_main_descr
c7e2b478 d bbt_mirror_descr
c7e2b49c d agand_flashbased
c7e2b4c0 d smallpage_flashbased
c7e2b4e4 d largepage_flashbased
c7e2b508 d smallpage_memorybased
c7e2b52c d largepage_memorybased
c7e2b550 d bbt_pattern
c7e2b554 d mirror_pattern
c7e2b558 d scan_agand_pattern
c7e2b55e d scan_ff_pattern
c7e2b560 d buf.2419
c7e2b964 d hist_cur
c7e2b968 D load_addr
c7e2b96c D op_table
c7e2b9d4 d do_echo
c7e2b9d8 D dp_last_length
c7e2b9dc D stdio_names
c7e2b9e8 d av_
c7e2bdf0 d trim_threshold
c7e2bdf4 d mmap_threshold
c7e2bdf8 d sbrk_base
c7e2bdfc D default_environment
c7e2bf84 D env_get_char
c7e2bf88 D default_environment_size
c7e2bf8c D env_name_spec
c7e2bf90 d blanks.2404
c7e2bfb8 d reserved_list
c7e2c03c D _ctype
c7e2c13c d fixed_left
c7e2c140 d cplens
c7e2c1bc d cplext
c7e2c238 d cpdist
c7e2c2b0 d cpdext
c7e2c328 D zlib_version
c7e2c32c D z_errmsg
c7e2c34c d s3c_nand_oob_64
c7e2c49c d s3c_nand_oob_16
c7e2c5ec D test_pkt
c7e2c624 d autoplace_oobinfo
c7e2c774 d jffs2_oobinfo
c7e2c8c4 d yaffs_oobinfo
c7e2ca14 A __u_boot_cmd_start
c7e2ca14 D __u_boot_cmd_bdinfo
c7e2ca2c D __u_boot_cmd_go
c7e2ca44 D __u_boot_cmd_reset
c7e2ca5c D __u_boot_cmd_bootm
c7e2ca74 D __u_boot_cmd_imls
c7e2ca8c D __u_boot_cmd_icache
c7e2caa4 D __u_boot_cmd_dcache
c7e2cabc D __u_boot_cmd_branch
c7e2cad4 D __u_boot_cmd_flinfo
c7e2caec D __u_boot_cmd_erase
c7e2cb04 D __u_boot_cmd_protect
c7e2cb1c D __u_boot_cmd_itest
c7e2cb34 D __u_boot_cmd_loads
c7e2cb4c D __u_boot_cmd_loadb
c7e2cb64 D __u_boot_cmd_loady
c7e2cb7c D __u_boot_cmd_md
c7e2cb94 D __u_boot_cmd_mm
c7e2cbac D __u_boot_cmd_nm
c7e2cbc4 D __u_boot_cmd_mw
c7e2cbdc D __u_boot_cmd_cp
c7e2cbf4 D __u_boot_cmd_cmp
c7e2cc0c D __u_boot_cmd_crc32
c7e2cc24 D __u_boot_cmd_base
c7e2cc3c D __u_boot_cmd_loop
c7e2cc54 D __u_boot_cmd_mtest
c7e2cc6c D __u_boot_cmd_sleep
c7e2cc84 D __u_boot_cmd_nand
c7e2cc9c D __u_boot_cmd_nboot
c7e2ccb4 D __u_boot_cmd_bootp
c7e2cccc D __u_boot_cmd_tftpboot
c7e2cce4 D __u_boot_cmd_rarpboot
c7e2ccfc D __u_boot_cmd_nfs
c7e2cd14 D __u_boot_cmd_ping
c7e2cd2c D __u_boot_cmd_printenv
c7e2cd44 D __u_boot_cmd_setenv
c7e2cd5c D __u_boot_cmd_saveenv
c7e2cd74 D __u_boot_cmd_usb
c7e2cd8c D __u_boot_cmd_version
c7e2cda4 D __u_boot_cmd_echo
c7e2cdbc D __u_boot_cmd_test
c7e2cdd4 D __u_boot_cmd_exit
c7e2cdec D __u_boot_cmd_help
c7e2ce04 D __u_boot_cmd_question_mark
c7e2ce1c D __u_boot_cmd_dnw
c7e2ce34 D __u_boot_cmd_movi
c7e2ce4c A __u_boot_cmd_end
c7e30000 R mmu_table
c7e34000 A __bss_start
c7e34000 B movi_hc
c7e34004 b timestamp
c7e34008 b lastdec
c7e3400c B timer_load_val
c7e34010 b HS_DMA_END
c7e34014 b ocr_check
c7e34018 b rca
c7e3401c b rd_cnt_HSMMC
c7e34020 b BlockNum_HSMMC
c7e34024 b ReadBlockCnt_INT
c7e34028 b wt_cnt_HSMMC
c7e3402c b WriteBlockCnt_INT
c7e34030 b BufferBoundary_INT_Cnt
c7e34034 b CompareCnt_INT
c7e34038 b Compare_buffer_HSMMC
c7e3403c b HCLK
c7e34040 b mmc_card
c7e34044 b card_mid
c7e34048 b mmc_spec
c7e3404c b sd_spec
c7e34050 b Tx_buffer_HSMMC
c7e34054 b COMPARE_INT_DONE
c7e34058 b Rx_buffer_HSMMC
c7e3405c b mem_malloc_brk
c7e34060 b mem_malloc_start
c7e34064 b mem_malloc_end
c7e34068 B gd
c7e3406c B monitor_flash_len
c7e34070 B NetState
c7e34074 b packetHandler
c7e34078 B NetIPID
c7e3407c B NetOurIP
c7e34080 B NetOurEther
c7e34088 B NetPingIP
c7e3408c B NetTxPacket
c7e34090 B NetArpWaitPacketIP
c7e34094 B NetOurSubnetMask
c7e34098 B NetOurGatewayIP
c7e3409c B NetArpWaitReplyIP
c7e340a0 B NetRxPkt
c7e340a4 B NetRxPktLen
c7e340a8 B NetArpWaitPacketMAC
c7e340ac B NetArpWaitTxPacket
c7e340b0 B NetArpWaitTxPacketSize
c7e340b4 B NetServerIP
c7e340b8 B NetServerEther
c7e340be b mac.2593
c7e340c4 B NetEtherNullAddr
c7e340ca b PingSeqNo
c7e340cc B NetArpWaitTry
c7e340d0 B NetArpWaitTimerStart
c7e340d4 b timeHandler
c7e340d8 b timeStart
c7e340dc b timeDelta
c7e340e0 B PktBuf
c7e35f00 B NetRxPackets
c7e35f10 B NetArpWaitPacketBuf
c7e36530 B NetBootFileXferSize
c7e36534 B NetOurDNSIP
c7e36538 B NetOurNISDomain
c7e36558 B NetOurHostName
c7e36578 B NetOurRootPath
c7e365b8 B NetBootFileSize
c7e365ba B BootFile
c7e3663c b TftpState
c7e36640 b tftp_filename
c7e36644 b TftpBlock
c7e36648 b TftpServerPort
c7e3664c b TftpOurPort
c7e36650 b default_filename
c7e36660 b TftpTimeoutCount
c7e36664 b TftpBlockWrap
c7e36668 b TftpBlockWrapOffset
c7e3666c b TftpLastBlock
c7e36670 B BootpTry
c7e36674 B BootpID
c7e36678 B RarpTry
c7e3667c b rpc_id
c7e36680 b NfsSrvMountPort
c7e36684 b NfsSrvNfsPort
c7e36688 b fs_mounted
c7e3668c b dirfh
c7e366ac b filefh
c7e366cc b NfsServerIP
c7e366d0 b NfsOurPort
c7e366d4 b NfsState
c7e366d8 b nfs_path
c7e366dc b nfs_filename
c7e366e0 b nfs_len
c7e366e4 b NfsDownloadState
c7e366e8 b nfs_path_buff
c7e36ee8 b default_filename
c7e36f28 b NfsTimeoutCount
c7e36f2c b dm9000_info
c7e36fd4 B nand_info
c7e37088 b nand_chip
c7e3718c b Lcd
c7e3718e b FirmwareVer
c7e37190 b initted.2170
c7e37194 b hist_max
c7e37198 b hist_add_idx
c7e3719c B hist_num
c7e371a0 B hist_lines
c7e385a0 B hist_list
c7e385f0 B console_buffer
c7e386f0 B header
c7e38730 b os_data_state
c7e38734 B os_data_count
c7e38738 b os_data_addr
c7e3873c b bin_start_address
c7e38740 b k_data_escape
c7e38744 B os_data_init
c7e38748 b k_data_escape_saved
c7e3874c b os_data_state_saved
c7e38750 b os_data_count_saved
c7e38754 b os_data_addr_saved
c7e38758 B os_data_char
c7e3875c B his_quote
c7e38760 B his_pad_count
c7e38764 B his_pad_char
c7e38765 B his_eol
c7e38768 B send_ptr
c7e3876c B send_parms
c7e38780 b a_b
c7e38798 B os_data_header
c7e387b8 b base_address
c7e387bc B mm_last_addr
c7e387c0 B mm_last_size
c7e387c4 B dp_last_addr
c7e387c8 B dp_last_size
c7e387cc b write_oob.3013
c7e38a4c b ctrlc_disabled
c7e38a50 b ctrlc_was_pressed
c7e38a54 B devlist
c7e38a58 B stdio_devices
c7e38a64 b top_pad
c7e38a68 b n_mmaps_max
c7e38a6c b current_mallinfo
c7e38a94 b max_sbrked_mem
c7e38a98 b max_total_mem
c7e38a9c B env_ptr
c7e38aa0 b local.2195
c7e38ab6 b map
c7e38bb8 b top_vars
c7e38bbc b flag_repeat
c7e38bc0 b do_repeat
c7e38bc4 b the_command.2222
c7e38cc4 b buf.2662
c7e38cec B last_return_code
c7e38cf0 b ifs
c7e38cf4 B nesting_level
c7e38cf8 b asynch_allowed
c7e38cfc b usb_dev
c7e4557c b usb_hub_index
c7e45580 b hub_dev
c7e45680 b dev_index
c7e45684 B usb_started
c7e45685 b setup_packet
c7e45690 b running
c7e45694 b xyz
c7e45ad0 B ofsinfo
c7e45ae4 B ___strtok
c7e45ae8 b fixed_mem
c7e46b78 b fixed_lock
c7e46b7c b fixed_built
c7e46b80 b fixed_bl
c7e46b84 b fixed_tl
c7e46b88 b fixed_bd
c7e46b8c b fixed_td
c7e46b90 B flash_info
c7e46c00 B ptd
c7e46c04 b gohci
c7e46cd0 B ohci_dev
c7e46e60 B urb_priv
c7e46f40 B gtd
c7e48000 B ghcca
c7e48100 B phcca
c7e48104 B got_rhsc
c7e48108 B devgone
c7e48200 B boot_nand
c7e48204 B cur_ecc_mode
c7e48208 B nand_type
c7e4820c B otg
c7e48290 B remode_wakeup
c7e48294 B get_status
c7e4829a B config_value
c7e4829c B get_intf
c7e482a0 B s3c_usbd_dn_addr
c7e482a4 B op_mode
c7e482a8 B UsbDownloadFileSize
c7e482ac B UsbDownloadChecksumOK
c7e482b0 B s3c_receive_done
c7e482b4 B speed
c7e482b8 B s3c_got_header
c7e482bc B DNW
c7e482c0 b params
c7e482c4 b data_buf
c7e48ac4 b oob_buf
c7e48b04 b none_oobinfo
c7e48c54 A _end
