Archive member included because of file (symbol)

board/samsung/mini6410/libmini6410.a(lowlevel_init.o)
                              cpu/s3c64xx/start.o (lowlevel_init)
cpu/s3c64xx/libs3c64xx.a(interrupts.o)
                              cpu/s3c64xx/start.o (do_irq)
cpu/s3c64xx/libs3c64xx.a(cpu.o)
                              cpu/s3c64xx/libs3c64xx.a(interrupts.o) (reset_cpu)
cpu/s3c64xx/libs3c64xx.a(hs_mmc.o)
                              cpu/s3c64xx/movi.o (hsmmc_reset)
cpu/s3c64xx/libs3c64xx.a(serial.o)
                              cpu/s3c64xx/libs3c64xx.a(cpu.o) (serial_getc)
cpu/s3c64xx/s3c6410/libs3c6410.a(speed.o)
                              cpu/s3c64xx/libs3c64xx.a(interrupts.o) (get_PCLK)
lib_arm/libarm.a(board.o)     lib_arm/div0.o (hang)
net/libnet.a(net.o)           lib_arm/libarm.a(board.o) (copy_filename)
net/libnet.a(tftp.o)          net/libnet.a(net.o) (TftpStart)
net/libnet.a(bootp.o)         net/libnet.a(net.o) (BootpRequest)
net/libnet.a(rarp.o)          net/libnet.a(net.o) (RarpRequest)
net/libnet.a(eth.o)           lib_arm/libarm.a(board.o) (eth_initialize)
net/libnet.a(nfs.o)           net/libnet.a(net.o) (NfsStart)
drivers/libdrivers.a(dm9000x.o)
                              net/libnet.a(net.o) (eth_halt)
drivers/nand/libnand.a(nand.o)
                              lib_arm/libarm.a(board.o) (nand_init)
drivers/nand/libnand.a(nand_base.o)
                              drivers/nand/libnand.a(nand.o) (nand_scan)
drivers/nand/libnand.a(nand_ids.o)
                              drivers/nand/libnand.a(nand_base.o) (nand_flash_ids)
drivers/nand/libnand.a(nand_ecc.o)
                              drivers/nand/libnand.a(nand_base.o) (nand_calculate_ecc)
drivers/nand/libnand.a(nand_bbt.o)
                              drivers/nand/libnand.a(nand_base.o) (nand_isbad_bbt)
common/libcommon.a(main.o)    lib_arm/libarm.a(board.o) (main_loop)
common/libcommon.a(cmd_bdinfo.o)
                              (__u_boot_cmd_bdinfo)
common/libcommon.a(cmd_boot.o)
                              (__u_boot_cmd_go)
common/libcommon.a(cmd_bootm.o)
                              lib_arm/libarm.a(board.o) (load_addr)
common/libcommon.a(cmd_cache.o)
                              (__u_boot_cmd_icache)
common/libcommon.a(cmd_flash.o)
                              (__u_boot_cmd_flinfo)
common/libcommon.a(cmd_itest.o)
                              (__u_boot_cmd_itest)
common/libcommon.a(cmd_load.o)
                              (__u_boot_cmd_loads)
common/libcommon.a(cmd_mem.o)
                              common/libcommon.a(cmd_itest.o) (cmd_get_data_size)
common/libcommon.a(cmd_misc.o)
                              (__u_boot_cmd_sleep)
common/libcommon.a(cmd_nand.o)
                              common/libcommon.a(main.o) (FriendlyARMGetNandSizeInMB)
common/libcommon.a(cmd_net.o)
                              (__u_boot_cmd_bootp)
common/libcommon.a(cmd_nvedit.o)
                              lib_arm/libarm.a(board.o) (getenv_r)
common/libcommon.a(cmd_usb.o)
                              (__u_boot_cmd_usb)
common/libcommon.a(command.o)
                              common/libcommon.a(main.o) (find_cmd)
common/libcommon.a(console.o)
                              cpu/s3c64xx/movi.o (printf)
common/libcommon.a(devices.o)
                              lib_arm/libarm.a(board.o) (devices_init)
common/libcommon.a(dlmalloc.o)
                              drivers/nand/libnand.a(nand_base.o) (free)
common/libcommon.a(env_common.o)
                              common/libcommon.a(cmd_nvedit.o) (env_get_addr)
common/libcommon.a(env_nand.o)
                              lib_arm/libarm.a(board.o) (env_init)
common/libcommon.a(exports.o)
                              lib_arm/libarm.a(board.o) (jumptable_init)
common/libcommon.a(flash.o)   common/libcommon.a(cmd_load.o) (addr2info)
common/libcommon.a(hush.o)    common/libcommon.a(main.o) (u_boot_hush_start)
common/libcommon.a(lists.o)   common/libcommon.a(console.o) (ListGetPtrToItem)
common/libcommon.a(s_record.o)
                              common/libcommon.a(cmd_load.o) (srec_decode)
common/libcommon.a(usb.o)     common/libcommon.a(cmd_usb.o) (usb_get_dev_index)
common/libcommon.a(xyzModem.o)
                              common/libcommon.a(cmd_load.o) (xyzModem_error)
common/libcommon.a(cmd_usbd.o)
                              common/libcommon.a(main.o) (FriendlyARMGetDataFromUSB)
common/libcommon.a(cmd_movi.o)
                              (__u_boot_cmd_movi)
common/libcommon.a(zeke_do.o)
                              common/libcommon.a(main.o) (test)
common/libcommon.a(crc16.o)   common/libcommon.a(xyzModem.o) (cyg_crc16)
lib_generic/libgeneric.a(crc32.o)
                              common/libcommon.a(cmd_bootm.o) (crc32)
lib_generic/libgeneric.a(ctype.o)
                              common/libcommon.a(hush.o) (_ctype)
lib_generic/libgeneric.a(display_options.o)
                              lib_arm/libarm.a(board.o) (print_size)
lib_generic/libgeneric.a(string.o)
[...]
Memory Configuration

Name             Origin             Length             Attributes
*default*        0x00000000         0xffffffff

Linker script and memory map

                0x00000000                . = 0x0
                0x00000000                . = ALIGN (0x4)

.text           0xc7e00000    0x23f48
 cpu/s3c64xx/start.o(.text)
 .text          0xc7e00000      0x4c0 cpu/s3c64xx/start.o
                0xc7e00040                _end_vect
                0xc7e001b4                theLastJump
                0xc7e004a0                arm1136_cache_flush
                0xc7e0004c                _bss_start
                0xc7e00050                _bss_end
                0xc7e00048                _armboot_start
                0xc7e00158                copy_from_nand
                0xc7e00000                _start
 cpu/s3c64xx/s3c6410/cpu_init.o(.text)
 .text          0xc7e004c0      0x15c cpu/s3c64xx/s3c6410/cpu_init.o
                0xc7e005f0                cleanFlushCache
                0xc7e005e4                cleanFlushDCache
                0xc7e004c0                mem_ctrl_asm_init
                0xc7e005d8                cleanDCache
 cpu/s3c64xx/onenand_cp.o(.text)
 .text          0xc7e0061c        0x0 cpu/s3c64xx/onenand_cp.o
 cpu/s3c64xx/nand_cp.o(.text)
 .text          0xc7e0061c      0x118 cpu/s3c64xx/nand_cp.o
                0xc7e0061c                copy_uboot_to_ram
 board/samsung/mini6410/nand_6410.fo()
 .text          0xc7e00734     0x127c board/samsung/mini6410/nand_6410.fo
                0xc7e00b58                NAND_Init
                0xc7e01058                NAND_CheckBlock
                0xc7e00b30                NandIsMlc2
                0xc7e00df4                NAND_ReadPage
                0xc7e01624                NAND_ReadSectorWithOOB
                0xc7e00b40                NandIsMlc
                0xc7e01930                FriendlyARMCheckData
                0xc7e01270                NAND_WriteSectorWithOOB
                0xc7e01760                NAND_EraseBlock
                0xc7e01170                NAND_MarkBlockBad
                0xc7e01820                FriendlyARMWriteNandMlcBoot
                0xc7e00b20                NandIsMlc1
 .data          0xc7e019b0        0x0 board/samsung/mini6410/nand_6410.fo
 .bss           0xc7e019b0        0xc board/samsung/mini6410/nand_6410.fo
 .rodata.str1.1
                0xc7e019bc       0x1c board/samsung/mini6410/nand_6410.fo
 .comment       0xc7e019d8       0x1b board/samsung/mini6410/nand_6410.fo
                                 0x1c (size before relaxing)
 .note.GNU-stack
                0xc7e019f3        0x0 board/samsung/mini6410/nand_6410.fo
 .ARM.attributes
                0xc7e019f3       0x38 board/samsung/mini6410/nand_6410.fo
 *fill*         0xc7e01a2b        0x1 00
 COMMON         0xc7e01a2c       0x14 board/samsung/mini6410/nand_6410.fo
                0xc7e01a2c                NandSizeInByteShift
                0xc7e01a30                NandBlockSizeInByteShift
                0xc7e01a34                NandEccBit
                0xc7e01a38                NandOobSize
                0xc7e01a3c                NandPageSizeInByteShift
 .glue_7        0xc7e01a40        0x0 board/samsung/mini6410/nand_6410.fo
 .glue_7t       0xc7e01a40        0x0 board/samsung/mini6410/nand_6410.fo
 .vfp11_veneer  0xc7e01a40        0x0 board/samsung/mini6410/nand_6410.fo
 .janus_2cc_veneer
                0xc7e01a40        0x0 board/samsung/mini6410/nand_6410.fo
 .v4_bx         0xc7e01a40        0x0 board/samsung/mini6410/nand_6410.fo
 cpu/s3c64xx/movi.o(.text)
 .text          0xc7e01a40       0xec cpu/s3c64xx/movi.o
                0xc7e01a40                movi_set_capacity
                0xc7e01afc                movi_init
                0xc7e01a44                movi_set_ofs
                0xc7e01a90                movi_bl2_copy
                0xc7e01ad4                movi_read_env
                0xc7e01ae8                movi_write_env
 *(.text)
 .text          0xc7e01b2c        0xc lib_arm/div0.o
                0xc7e01b30                __aeabi_ldiv0
                0xc7e01b34                __div0
                0xc7e01b2c                raise
 .text          0xc7e01b38      0x2a4 board/samsung/mini6410/libmini6410.a(lowlevel_init.o)
                0xc7e01b3c                lowlevel_init
 .text          0xc7e01ddc      0x4b0 cpu/s3c64xx/libs3c64xx.a(interrupts.o)
                0xc7e01e00                set_timer
                0xc7e01e30                reset_timer
                0xc7e021b4                do_fiq
                0xc7e01fa4                interrupt_init
                0xc7e02268                do_undefined_instruction
                0xc7e02034                show_regs
                0xc7e02190                do_irq
                0xc7e01f8c                get_tbclk
                0xc7e01e7c                get_timer
                0xc7e01e10                reset_timer_masked
                0xc7e02174                bad_mode
                0xc7e01e34                get_timer_masked
                0xc7e01e90                udelay
                0xc7e01f04                udelay_masked
                0xc7e02220                do_prefetch_abort
                0xc7e01f78                get_ticks
                0xc7e01df8                disable_interrupts
                0xc7e021d8                do_not_used
                0xc7e021fc                do_data_abort
                0xc7e02244                do_software_interrupt
                0xc7e01df4                enable_interrupts
 .text          0xc7e0228c      0x1a4 cpu/s3c64xx/libs3c64xx.a(cpu.o)
                0xc7e023b4                cleanup_before_linux
                0xc7e0231c                dcache_enable
                0xc7e022c8                cpu_init
                0xc7e022d0                icache_enable
                0xc7e02368                branch_enable
                0xc7e02418                do_reset
                0xc7e02384                branch_disable
                0xc7e023e0                reset_cpu
                0xc7e023a0                branch_status
                0xc7e022ec                icache_disable
                0xc7e02354                dcache_status
                0xc7e02308                icache_status
                0xc7e02338                dcache_disable
 .text          0xc7e02430     0x13d0 cpu/s3c64xx/libs3c64xx.a(hs_mmc.o)
                0xc7e032c0                test_hsmmc
                0xc7e0259c                hsmmc_reset
                0xc7e025b0                hsmmc_set_gpio
                0xc7e028e8                movi_read
                0xc7e02df8                hsmmc_init
                0xc7e02a44                movi_write
 .text          0xc7e03800       0xb4 cpu/s3c64xx/libs3c64xx.a(serial.o)
                0xc7e03810                serial_setbrg
                0xc7e03874                serial_tstc
                0xc7e03844                serial_putc
                0xc7e03814                serial_init
                0xc7e0388c                serial_puts
                0xc7e03824                serial_getc
 .text          0xc7e038b4      0x204 cpu/s3c64xx/s3c6410/libs3c6410.a(speed.o)
                0xc7e03984                get_HCLK
                0xc7e03930                get_PCLK
                0xc7e03928                get_FCLK
                0xc7e039d8                get_ARMCLK
                0xc7e03920                get_UCLK
                0xc7e03a00                print_cpuinfo
 .text          0xc7e03ab8      0x32c lib_arm/libarm.a(board.o)
                0xc7e03aec                hang
                0xc7e03bbc                start_armboot
                0xc7e03ab8                sbrk
 .text          0xc7e03de4     0x1274 net/libnet.a(net.o)
                0xc7e03fc8                getenv_IPaddr
                0xc7e03e88                NetCksumOk
                0xc7e049e8                NetSetTimeout
                0xc7e03eac                copy_filename
                0xc7e03fd8                NetEthHdrSize
                0xc7e04074                ip_to_string
                0xc7e04bd0                ArpTimeoutCheck
                0xc7e043dc                NetReceive
                0xc7e03f60                string_to_ip
                0xc7e04a18                NetSendUDPPacket
                0xc7e040b4                print_IPaddr
                0xc7e041d8                NetSetEther
                0xc7e04c60                NetLoop
                0xc7e042f0                ArpRequest
                0xc7e0401c                VLAN_to_string
                0xc7e03f50                getenv_VLAN
                0xc7e03e40                NetCksum
                0xc7e040d8                NetSetIP
                0xc7e03f04                string_to_VLAN
                0xc7e04b54                NetStartAgain
                0xc7e03e30                NetSetHandler
                0xc7e048ac                PingSend
                0xc7e042ec                NetSendPacket
 .text          0xc7e05058      0x5fc net/libnet.a(tftp.o)
                0xc7e051cc                TftpStart
 .text          0xc7e05654      0x624 net/libnet.a(bootp.o)
                0xc7e056fc                BootpRequest
 .text          0xc7e05c78      0x1ac net/libnet.a(rarp.o)
                0xc7e05c78                RarpRequest
 .text          0xc7e05e24        0x8 net/libnet.a(eth.o)
                0xc7e05e24                eth_initialize
 .text          0xc7e05e2c      0xe84 net/libnet.a(nfs.o)
                0xc7e06658                NfsStart
 .text          0xc7e06cb0      0x9e4 drivers/libdrivers.a(dm9000x.o)
                0xc7e07094                eth_set_mac
                0xc7e06f2c                eth_halt
                0xc7e06ed8                read_srom_word
                0xc7e06e80                write_srom_word
                0xc7e07110                eth_rx
                0xc7e0732c                eth_init
                0xc7e07258                eth_send
 .text          0xc7e07694       0x9c drivers/nand/libnand.a(nand.o)
                0xc7e07694                nand_init
 .text          0xc7e07730     0x2f50 drivers/nand/libnand.a(nand_base.o)
                0xc7e09d98                nand_read
                0xc7e07a60                nand_wait_ready
                0xc7e08604                nand_scan_ident
                0xc7e08f88                nand_scan
                0xc7e0a30c                nand_erase_nand
                0xc7e08ac4                nand_scan_tail
                0xc7e085bc                nand_release
 .text          0xc7e0a680        0x0 drivers/nand/libnand.a(nand_ids.o)
 .text          0xc7e0a680      0x224 drivers/nand/libnand.a(nand_ecc.o)
                0xc7e0a778                nand_correct_data
                0xc7e0a680                nand_calculate_ecc
 .text          0xc7e0a8a4     0x1700 drivers/nand/libnand.a(nand_bbt.o)
                0xc7e0ab40                nand_isbad_bbt
                0xc7e0bee0                nand_default_bbt
                0xc7e0b7a8                nand_update_bbt
                0xc7e0ba6c                nand_scan_bbt
 .text          0xc7e0bfa4     0x1380 common/libcommon.a(main.o)
                0xc7e0c180                run_command
                0xc7e0cd94                FriendlyARMMenu
                0xc7e0bfa4                FriendlyARMGetDataFromUsbAndWriteNand
                0xc7e0c6f8                readline
                0xc7e0d1fc                main_loop
                0xc7e0c148                FriendlyARM1Wire
 .text          0xc7e0d324       0xf4 common/libcommon.a(cmd_bdinfo.o)
                0xc7e0d338                do_bdinfo
 .text          0xc7e0d418       0x80 common/libcommon.a(cmd_boot.o)
                0xc7e0d418                do_go
 .text          0xc7e0d498      0xaf0 common/libcommon.a(cmd_bootm.o)
                0xc7e0d630                print_image_hdr
                0xc7e0d4c0                gunzip
                0xc7e0d9dc                do_bootm
 .text          0xc7e0df88      0x1c8 common/libcommon.a(cmd_cache.o)
                0xc7e0dfc4                do_branch
                0xc7e0e048                do_dcache
                0xc7e0e0cc                do_icache
 .text          0xc7e0e150      0x558 common/libcommon.a(cmd_flash.o)
                0xc7e0e320                do_flinfo
                0xc7e0e1f4                flash_sect_erase
                0xc7e0e390                do_protect
                0xc7e0e55c                do_flerase
                0xc7e0e160                flash_sect_protect
 .text          0xc7e0e6a8      0x2f0 common/libcommon.a(cmd_itest.o)
                0xc7e0e710                binary_test
                0xc7e0e8f0                do_itest
 .text          0xc7e0e998      0xd30 common/libcommon.a(cmd_load.o)
                0xc7e0ea34                k_data_init
                0xc7e0eb24                s1_sendpacket
                0xc7e0eb50                handle_send_packet
                0xc7e0ea7c                k_data_restore
                0xc7e0ed14                send_nack
                0xc7e0ef34                do_load_serial_bin
                0xc7e0eaa4                k_data_char
                0xc7e0e9b8                chk1
                0xc7e0ea54                k_data_save
                0xc7e0e998                ktrans
                0xc7e0eaf4                send_pad
                0xc7e0ed74                send_ack
                0xc7e0f5e8                do_load_serial
 .text          0xc7e0f6c8      0xac4 common/libcommon.a(cmd_mem.o)
                0xc7e0f6c8                do_mem_base
                0xc7e0fd40                do_mem_mw
                0xc7e0f70c                do_mem_crc
                0xc7e0ff70                do_mem_nm
                0xc7e0ff90                do_mem_mm
                0xc7e0fa6c                do_mem_cp
                0xc7e0f7c4                do_mem_mtest
                0xc7e0fb9c                do_mem_cmp
                0xc7e0f8f0                cmd_get_data_size
                0xc7e0f968                do_mem_loop
                0xc7e0ffb0                do_mem_md
 .text          0xc7e1018c       0x90 common/libcommon.a(cmd_misc.o)
                0xc7e1018c                do_sleep
 .text          0xc7e1021c     0x1734 common/libcommon.a(cmd_nand.o)
                0xc7e105fc                FriendlyARMFormat
                0xc7e103c8                do_nandboot
                0xc7e10264                FriendlyARMGetNandSizeInMB
                0xc7e10a48                FriendlyARMReadNand
                0xc7e10660                FriendlyARMFormatFrom
                0xc7e10b68                do_nand
                0xc7e1068c                FriendlyARMWriteNand
 .text          0xc7e11950      0x374 common/libcommon.a(cmd_net.o)
                0xc7e11ca0                do_rarpb
                0xc7e11950                do_ping
                0xc7e11cac                do_tftpb
                0xc7e11cb8                do_bootp
                0xc7e11c94                do_nfs
 .text          0xc7e11cc4      0x8c0 common/libcommon.a(cmd_nvedit.o)
                0xc7e11e20                getenv
                0xc7e11e9c                _do_setenv
                0xc7e11d34                getenv_r
                0xc7e123b8                do_printenv
                0xc7e12384                setenv
                0xc7e11df4                do_saveenv
                0xc7e12344                do_setenv
 .text          0xc7e12584      0xa44 common/libcommon.a(cmd_usb.o)
                0xc7e12cb0                usb_display_conf_desc
                0xc7e12874                usb_show_tree_graph
                0xc7e12584                usb_get_class_desc
                0xc7e1262c                usb_display_ep_desc
                0xc7e12ac0                usb_display_desc
                0xc7e12700                usb_display_class_sub
                0xc7e12a8c                usb_show_tree
                0xc7e12bf0                usb_display_string
                0xc7e12c28                usb_display_if_desc
                0xc7e12d5c                usb_display_config
                0xc7e12dec                do_usb
 .text          0xc7e12fc8      0x78c common/libcommon.a(command.o)
                0xc7e1305c                do_echo
                0xc7e132a8                do_exit
                0xc7e12fc8                find_cmd
                0xc7e132d8                do_test
                0xc7e130dc                do_help
                0xc7e13288                do_version
 .text          0xc7e13754      0x5f4 common/libcommon.a(console.o)
                0xc7e13a8c                console_init_r
                0xc7e13a4c                printf
                0xc7e13920                console_assign
                0xc7e13cc8                getc
                0xc7e139f8                puts
                0xc7e138f8                dbg
                0xc7e13c3c                serial_printf
                0xc7e1383c                ftstc
                0xc7e139b0                fprintf
                0xc7e13ca4                tstc
                0xc7e13a20                vprintf
                0xc7e13cec                ctrlc
                0xc7e13c7c                putc
                0xc7e138bc                disable_ctrlc
                0xc7e13814                fgetc
                0xc7e138d4                had_ctrlc
                0xc7e13864                fputc
                0xc7e13904                console_init_f
                0xc7e138e4                clear_ctrlc
                0xc7e13890                fputs
 .text          0xc7e13d48       0xec common/libcommon.a(devices.o)
                0xc7e13d64                device_register
                0xc7e13d48                devices_done
                0xc7e13d88                devices_init
 .text          0xc7e13e34     0x1068 common/libcommon.a(dlmalloc.o)
                0xc7e1422c                malloc
                0xc7e1491c                pvalloc
                0xc7e14940                calloc
                0xc7e13e74                malloc_usable_size
                0xc7e14a20                realloc
                0xc7e13f30                malloc_trim
                0xc7e13e34                malloc_bin_reloc
                0xc7e13eb8                mallopt
                0xc7e1480c                memalign
                0xc7e14228                cfree
                0xc7e14934                valloc
                0xc7e13ffc                free
 .text          0xc7e14e9c      0x140 common/libcommon.a(env_common.o)
                0xc7e14ed8                env_get_addr
                0xc7e14f30                env_relocate
                0xc7e14f04                env_crc_update
                0xc7e14eac                env_get_char_memory
 .text          0xc7e14fdc      0x2cc common/libcommon.a(env_nand.o)
                0xc7e150b8                env_relocate_spec
                0xc7e151b4                saveenv
                0xc7e14fdc                env_get_char_spec
                0xc7e14ff4                env_init
 .text          0xc7e152a8       0xf4 common/libcommon.a(exports.o)
                0xc7e152b4                jumptable_init
                0xc7e152ac                get_version
 .text          0xc7e1539c      0x1f4 common/libcommon.a(flash.o)
                0xc7e154a0                flash_write
                0xc7e1539c                flash_protect
                0xc7e15498                addr2info
                0xc7e154b0                flash_perror
 .text          0xc7e15590     0x1c48 common/libcommon.a(hush.o)
                0xc7e15984                new_pipe
                0xc7e156cc                mapset
                0xc7e16964                parse_string_outer
                0xc7e162d0                update_ifs_map
                0xc7e16920                parse_file_outer
                0xc7e155ac                simple_itoa
                0xc7e15cb4                reserved_word
                0xc7e156f8                u_boot_hush_start
 .text          0xc7e171d8      0x3f4 common/libcommon.a(lists.o)
                0xc7e174ec                DisposeHandle
                0xc7e1750c                ListDispose
                0xc7e17314                ListInsertItems
                0xc7e171e0                ListSetAllocationPolicy
                0xc7e17238                ListGetItemSize
                0xc7e1722c                ListGetDataPtr
                0xc7e17510                NewHandle
                0xc7e17298                SetHandleSize
                0xc7e174e4                ListInsertItem
                0xc7e171d8                GetHandleSize
                0xc7e17244                ListNumItems
                0xc7e171f4                ListGetPtrToItem
                0xc7e1756c                ListCreate
                0xc7e17250                ListGetItems
 .text          0xc7e175cc      0x2dc common/libcommon.a(s_record.o)
                0xc7e17638                srec_decode
 .text          0xc7e178a8     0x1708 common/libcommon.a(usb.o)
                0xc7e183fc                usb_set_idle
                0xc7e178c0                usb_maxpacket
                0xc7e18be0                usb_hub_probe
                0xc7e17cb0                usb_stop
                0xc7e18f34                usb_init
                0xc7e178a8                usb_disable_asynch
                0xc7e1874c                usb_clear_halt
                0xc7e17d04                usb_bulk_msg
                0xc7e1831c                usb_get_class_descriptor
                0xc7e18ed0                usb_scan_devices
                0xc7e18030                usb_get_hub_descriptor
                0xc7e17e68                usb_get_port_status
                0xc7e17cac                usb_submit_int_msg
                0xc7e17b18                usb_parse_config
                0xc7e17d68                usb_control_msg
                0xc7e18460                usb_set_protocol
                0xc7e18844                usb_hub_port_connect_change
                0xc7e18528                usb_set_interface
                0xc7e17a34                usb_hub_allocate
                0xc7e1821c                usb_string
                0xc7e1838c                usb_get_report
                0xc7e18638                usb_get_descriptor
                0xc7e189a0                usb_hub_configure
                0xc7e1808c                usb_get_string
                0xc7e17ce0                wait_ms
                0xc7e17fdc                usb_clear_hub_feature
                0xc7e186a4                usb_get_configuration_no
                0xc7e17f7c                usb_clear_port_feature
                0xc7e17f1c                usb_set_port_feature
                0xc7e18c40                usb_new_device
                0xc7e17ec8                usb_get_hub_status
                0xc7e184c0                usb_set_configuration
                0xc7e178e4                usb_set_maxpacket
                0xc7e185f4                usb_set_address
                0xc7e17a7c                usb_alloc_new_device
                0xc7e17a20                usb_hub_reset
                0xc7e179f0                usb_get_dev_index
 .text          0xc7e18fb0      0x9d8 common/libcommon.a(xyzModem.o)
                0xc7e190d8                xyzModem_error
                0xc7e19174                xyzModem_stream_close
                0xc7e191c8                CYGACC_COMM_IF_GETC_TIMEOUT
                0xc7e18fb0                parse_num
                0xc7e19244                xyzModem_stream_terminate
                0xc7e19828                xyzModem_stream_open
                0xc7e191c0                CYGACC_COMM_IF_PUTC
                0xc7e1959c                xyzModem_stream_read
 .text          0xc7e19988      0x234 common/libcommon.a(cmd_usbd.o)
                0xc7e19a9c                FriendlyARMGetDataFromUSB
                0xc7e19988                do_usbd_dnw
 .text          0xc7e19bbc      0x270 common/libcommon.a(cmd_movi.o)
                0xc7e19bbc                do_movi
 .text          0xc7e19e2c      0x520 common/libcommon.a(zeke_do.o)
                0xc7e19e2c                parse_line_n
                0xc7e1a284                erase_nand
                0xc7e1a2ac                setenvx
                0xc7e1a314                test
                0xc7e19eb8                run_command_n
 .text          0xc7e1a34c       0x48 common/libcommon.a(crc16.o)
                0xc7e1a34c                cyg_crc16
 .text          0xc7e1a394      0x220 lib_generic/libgeneric.a(crc32.o)
                0xc7e1a394                crc32
                0xc7e1a4a8                crc32_no_comp
 .text          0xc7e1a5b4        0x0 lib_generic/libgeneric.a(ctype.o)
 .text          0xc7e1a5b4       0xc0 lib_generic/libgeneric.a(display_options.o)
                0xc7e1a654                display_options
                0xc7e1a5b4                print_size
 .text          0xc7e1a674      0x598 lib_generic/libgeneric.a(string.o)
                0xc7e1a674                strcpy
                0xc7e1ab14                memscan
                0xc7e1aa78                memmove
                0xc7e1aa54                memcpy
                0xc7e1a9bc                strswab
                0xc7e1a85c                strnlen
                0xc7e1a824                strrchr
                0xc7e1a6b8                strcat
                0xc7e1aba8                memchr
                0xc7e1ab44                strstr
                0xc7e1a788                strncmp
                0xc7e1a690                strncpy
                0xc7e1aa28                bcopy
                0xc7e1a908                strtok
                0xc7e1aad4                memcmp
                0xc7e1a6ec                strncat
                0xc7e1abd8                strdup
                0xc7e1aa08                memset
                0xc7e1a750                strcmp
                0xc7e1a988                strsep
                0xc7e1a884                strspn
                0xc7e1a804                strlen
                0xc7e1a7d8                strchr
                0xc7e1a8c8                strpbrk
 .text          0xc7e1ac0c      0x800 lib_generic/libgeneric.a(vsprintf.o)
                0xc7e1afe0                vsprintf
                0xc7e1acc4                simple_strtol
                0xc7e1af90                panic
                0xc7e1b3e4                sprintf
                0xc7e1ac0c                simple_strtoul
 .text          0xc7e1b40c     0x2d94 lib_generic/libgeneric.a(zlib.o)
                0xc7e1c4c0                inflate
                0xc7e1bf5c                inflateInit2
                0xc7e1c220                inflateIncomp
                0xc7e1c0a8                adler32
                0xc7e1bdfc                inflateReset
                0xc7e1be5c                inflateSync
                0xc7e1c0a0                inflateInit
                0xc7e1bd64                inflateEnd
 .text          0xc7e1e1a0      0x1b0 board/samsung/mini6410/libmini6410.a(mini6410.o)
                0xc7e1e240                dram_init
                0xc7e1e270                virt_to_phy_smdk6410
                0xc7e1e2a0                checkboard
                0xc7e1e1a0                board_init
                0xc7e1e2b8                board_late_init
 .text          0xc7e1e350      0x5d0 board/samsung/mini6410/libmini6410.a(flash.o)
                0xc7e1e6d0                flash_erase
                0xc7e1e8d4                flash_init
                0xc7e1e5bc                flash_print_info
                0xc7e1e448                write_buff
 .text          0xc7e1e920      0x6f0 cpu/s3c64xx/libs3c64xx.a(usb_ohci.o)
                0xc7e1e998                rh_check_port_status
                0xc7e1e9c8                usb_lowlevel_stop
                0xc7e1ea84                sohci_submit_job
                0xc7e1e9b8                submit_int_msg
                0xc7e1e9a8                submit_bulk_msg
                0xc7e1e9b0                submit_control_msg
                0xc7e1e9c0                usb_lowlevel_init
                0xc7e1e9a0                submit_common_msg
 .text          0xc7e1f010      0xa54 cpu/s3c64xx/libs3c64xx.a(nand.o)
                0xc7e1f680                board_nand_init
 .text          0xc7e1fa64     0x2a6c cpu/s3c64xx/libs3c64xx.a(usbd-otg-hs.o)
                0xc7e216e0                s3c_usb_dma_in_done
                0xc7e217f0                s3c_usb_set_all_outep_nak
                0xc7e21b38                s3c_usb_clear_upfile_info
                0xc7e21d3c                s3c_usb_verify_checksum
                0xc7e21ba8                s3c_usb_set_opmode
                0xc7e21fe0                s3c_usb_pkt_receive
                0xc7e221c8                s3c_usb_transfer
                0xc7e21af8                s3c_usb_clear_dnfile_info
                0xc7e210dc                s3c_usb_int_bulkin
                0xc7e1fb2c                s3c_usb_set_inep_xfersize
                0xc7e20418                s3c_usb_transfer_ep0
                0xc7e202f8                s3c_usb_set_otherspeed_conf_desc
                0xc7e1fab4                s3c_usb_set_soft_disconnect
                0xc7e21818                s3c_usb_clear_all_outep_nak
                0xc7e2240c                s3c_usbctl_init
                0xc7e21944                s3c_usb_set_descriptors
                0xc7e21f90                s3c_usb_int_bulkout
                0xc7e222ec                s3c_udc_int_hndlr
                0xc7e1fb58                s3c_usb_set_outep_xfersize
                0xc7e1fb24                s3c_usb_stop
                0xc7e1fadc                s3c_usb_init_device
                0xc7e21b78                s3c_usb_check_setconf
                0xc7e1fed8                s3c_usb_set_feature
                0xc7e220ac                s3c_usb_dma_out_done
                0xc7e200e0                s3c_usb_ep0_int_hndlr
                0xc7e218f0                s3c_usb_set_endpoint
                0xc7e21e24                s3c_usb_download_continue
                0xc7e1fbe0                s3c_usb_write_in_fifo
                0xc7e22388                s3c_usb_wait_cable_insert
                0xc7e1fe5c                s3c_usb_clear_feature
                0xc7e1fb1c                s3c_usbc_activate
                0xc7e1fb88                s3c_usb_write_ep0_fifo
                0xc7e214d4                s3c_usb_download_start
                0xc7e21840                s3c_usb_set_max_pktsize
                0xc7e1faa0                s3c_usb_check_current_mode
                0xc7e20038                s3c_usb_get_status
                0xc7e21ae0                s3c_usb_check_speed
                0xc7e212a8                s3c_usb_upload_start
                0xc7e1fa84                s3c_usb_init_core
                0xc7e1fac8                s3c_usb_clear_soft_disconnect
                0xc7e1fa64                s3c_usb_core_soft_reset
                0xc7e22060                s3c_usb_print_pkt
                0xc7e21ce0                s3c_usb_set_init
                0xc7e21c78                s3c_usb_reset
                0xc7e1fc8c                s3c_usb_get_desc
                0xc7e1fc38                s3c_usb_read_out_fifo
                0xc7e223d4                s3c_usb_init_phy
 .text          0xc7e224d0      0x41c lib_arm/libarm.a(armlinux.o)
                0xc7e224f0                do_bootm_linux
 .text          0xc7e228ec        0x4 lib_arm/libarm.a(cache.o)
                0xc7e228ec                flush_cache
 .text          0xc7e228f0      0x29c drivers/libdrivers.a(1-wire.o)
                0xc7e22adc                SetBacklightOfLCD
                0xc7e22b48                InitOneWire
                0xc7e22b04                GetInfo
 .text          0xc7e22b8c      0xe08 drivers/nand/libnand.a(nand_util.o)
                0xc7e22b94                nand_lock
                0xc7e22be8                nand_unlock
                0xc7e22cf8                nand_get_lock_status
                0xc7e23628                nand_erase_opts
                0xc7e22d84                nand_read_opts
                0xc7e23118                nand_write_opts
 .text          0xc7e23994       0xf4 lib_generic/libgeneric.a(div64.o)
                0xc7e23994                __div64_32
 .text          0xc7e23a88      0x114 /usr/local/arm/4.3.2/bin/../lib/gcc/arm-none-linux-gnueabi/4.3.2/armv4t/libgcc.a(_udivsi3.o)
                0xc7e23a88                __udivsi3
                0xc7e23a88                __aeabi_uidiv
                0xc7e23b7c                __aeabi_uidivmod
 .text          0xc7e23b9c      0x148 /usr/local/arm/4.3.2/bin/../lib/gcc/arm-none-linux-gnueabi/4.3.2/armv4t/libgcc.a(_divsi3.o)
                0xc7e23b9c                __aeabi_idiv
                0xc7e23b9c                __divsi3
                0xc7e23cc4                __aeabi_idivmod
 .text          0xc7e23ce4       0x1c /usr/local/arm/4.3.2/bin/../lib/gcc/arm-none-linux-gnueabi/4.3.2/armv4t/libgcc.a(_ashrdi3.o)
                0xc7e23ce4                __ashrdi3
                0xc7e23ce4                __aeabi_lasr
 .text          0xc7e23d00       0x1c /usr/local/arm/4.3.2/bin/../lib/gcc/arm-none-linux-gnueabi/4.3.2/armv4t/libgcc.a(_ashldi3.o)
                0xc7e23d00                __ashldi3
                0xc7e23d00                __aeabi_llsl
 .text          0xc7e23d1c       0x14 /usr/local/arm/4.3.2/bin/../lib/gcc/arm-none-linux-gnueabi/4.3.2/armv4t/libgcc.a(_dvmd_lnx.o)
                0xc7e23d1c                __aeabi_idiv0
 lib_arm/div0.o()
 .data          0xc7e23d30        0x0 lib_arm/div0.o
 .bss           0xc7e23d30        0x0 lib_arm/div0.o
 .debug_abbrev  0xc7e23d30       0x29 lib_arm/div0.o
 .debug_info    0xc7e23d59       0x5f lib_arm/div0.o
 .debug_line    0xc7e23db8       0x41 lib_arm/div0.o
 *fill*         0xc7e23df9        0x3 00
 .debug_frame   0xc7e23dfc       0x40 lib_arm/div0.o
 .debug_pubnames
                0xc7e23e3c       0x39 lib_arm/div0.o
 .debug_aranges
                0xc7e23e75       0x20 lib_arm/div0.o
 .debug_str     0xc7e23e95       0x60 lib_arm/div0.o
 .comment       0xc7e23ef5       0x2a lib_arm/div0.o
 .note.GNU-stack
                0xc7e23f1f        0x0 lib_arm/div0.o
 .ARM.attributes
                0xc7e23f1f       0x28 lib_arm/div0.o
 *fill*         0xc7e23f47        0x1 00
 .glue_7        0xc7e23f48        0x0 lib_arm/div0.o
 .glue_7t       0xc7e23f48        0x0 lib_arm/div0.o
 .vfp11_veneer  0xc7e23f48        0x0 lib_arm/div0.o
 .janus_2cc_veneer
                0xc7e23f48        0x0 lib_arm/div0.o
 .v4_bx         0xc7e23f48        0x0 lib_arm/div0.o

.glue_7         0xc7e23f48        0x0
 .glue_7        0xc7e23f48        0x0 cpu/s3c64xx/start.o
 .glue_7        0xc7e23f48        0x0 cpu/s3c64xx/s3c6410/cpu_init.o
 .glue_7        0xc7e23f48        0x0 cpu/s3c64xx/onenand_cp.o
 .glue_7        0xc7e23f48        0x0 cpu/s3c64xx/nand_cp.o
 .glue_7        0xc7e23f48        0x0 cpu/s3c64xx/movi.o
 .glue_7        0xc7e23f48        0x0 board/samsung/mini6410/libmini6410.a(lowlevel_init.o)
 .glue_7        0xc7e23f48        0x0 cpu/s3c64xx/libs3c64xx.a(interrupts.o)
 .glue_7        0xc7e23f48        0x0 cpu/s3c64xx/libs3c64xx.a(cpu.o)
 .glue_7        0xc7e23f48        0x0 cpu/s3c64xx/libs3c64xx.a(hs_mmc.o)
 .glue_7        0xc7e23f48        0x0 cpu/s3c64xx/libs3c64xx.a(serial.o)
 .glue_7        0xc7e23f48        0x0 cpu/s3c64xx/s3c6410/libs3c6410.a(speed.o)
 .glue_7        0xc7e23f48        0x0 lib_arm/libarm.a(board.o)
 .glue_7        0xc7e23f48        0x0 net/libnet.a(net.o)
 .glue_7        0xc7e23f48        0x0 net/libnet.a(tftp.o)
 .glue_7        0xc7e23f48        0x0 net/libnet.a(bootp.o)
 .glue_7        0xc7e23f48        0x0 net/libnet.a(rarp.o)
 .glue_7        0xc7e23f48        0x0 net/libnet.a(eth.o)
 .glue_7        0xc7e23f48        0x0 net/libnet.a(nfs.o)
 .glue_7        0xc7e23f48        0x0 drivers/libdrivers.a(dm9000x.o)
 .glue_7        0xc7e23f48        0x0 drivers/nand/libnand.a(nand.o)
 .glue_7        0xc7e23f48        0x0 drivers/nand/libnand.a(nand_base.o)
 .glue_7        0xc7e23f48        0x0 drivers/nand/libnand.a(nand_ids.o)
 .glue_7        0xc7e23f48        0x0 drivers/nand/libnand.a(nand_ecc.o)
 .glue_7        0xc7e23f48        0x0 drivers/nand/libnand.a(nand_bbt.o)
 .glue_7        0xc7e23f48        0x0 common/libcommon.a(main.o)
 .glue_7        0xc7e23f48        0x0 common/libcommon.a(cmd_bdinfo.o)
 .glue_7        0xc7e23f48        0x0 common/libcommon.a(cmd_boot.o)
 .glue_7        0xc7e23f48        0x0 common/libcommon.a(cmd_bootm.o)
 .glue_7        0xc7e23f48        0x0 common/libcommon.a(cmd_cache.o)
 .glue_7        0xc7e23f48        0x0 common/libcommon.a(cmd_flash.o)
 .glue_7        0xc7e23f48        0x0 common/libcommon.a(cmd_itest.o)
 .glue_7        0xc7e23f48        0x0 common/libcommon.a(cmd_load.o)
 .glue_7        0xc7e23f48        0x0 common/libcommon.a(cmd_mem.o)
 .glue_7        0xc7e23f48        0x0 common/libcommon.a(cmd_misc.o)
 .glue_7        0xc7e23f48        0x0 common/libcommon.a(cmd_nand.o)
 .glue_7        0xc7e23f48        0x0 common/libcommon.a(cmd_net.o)
 .glue_7        0xc7e23f48        0x0 common/libcommon.a(cmd_nvedit.o)
 .glue_7        0xc7e23f48        0x0 common/libcommon.a(cmd_usb.o)
 .glue_7        0xc7e23f48        0x0 common/libcommon.a(command.o)
 .glue_7        0xc7e23f48        0x0 common/libcommon.a(console.o)
 .glue_7        0xc7e23f48        0x0 common/libcommon.a(devices.o)
 .glue_7        0xc7e23f48        0x0 common/libcommon.a(dlmalloc.o)
 .glue_7        0xc7e23f48        0x0 common/libcommon.a(env_common.o)
 .glue_7        0xc7e23f48        0x0 common/libcommon.a(env_nand.o)
 .glue_7        0xc7e23f48        0x0 common/libcommon.a(exports.o)
 .glue_7        0xc7e23f48        0x0 common/libcommon.a(flash.o)
 .glue_7        0xc7e23f48        0x0 common/libcommon.a(hush.o)
 .glue_7        0xc7e23f48        0x0 common/libcommon.a(lists.o)
 .glue_7        0xc7e23f48        0x0 common/libcommon.a(s_record.o)
 .glue_7        0xc7e23f48        0x0 common/libcommon.a(usb.o)
 .glue_7        0xc7e23f48        0x0 common/libcommon.a(xyzModem.o)
 .glue_7        0xc7e23f48        0x0 common/libcommon.a(cmd_usbd.o)
 .glue_7        0xc7e23f48        0x0 common/libcommon.a(cmd_movi.o)
 .glue_7        0xc7e23f48        0x0 common/libcommon.a(zeke_do.o)
 .glue_7        0xc7e23f48        0x0 common/libcommon.a(crc16.o)
 .glue_7        0xc7e23f48        0x0 lib_generic/libgeneric.a(crc32.o)
 .glue_7        0xc7e23f48        0x0 lib_generic/libgeneric.a(ctype.o)
 .glue_7        0xc7e23f48        0x0 lib_generic/libgeneric.a(display_options.o)
 .glue_7        0xc7e23f48        0x0 lib_generic/libgeneric.a(string.o)
 .glue_7        0xc7e23f48        0x0 lib_generic/libgeneric.a(vsprintf.o)
 .glue_7        0xc7e23f48        0x0 lib_generic/libgeneric.a(zlib.o)
 .glue_7        0xc7e23f48        0x0 board/samsung/mini6410/libmini6410.a(mini6410.o)
 .glue_7        0xc7e23f48        0x0 board/samsung/mini6410/libmini6410.a(flash.o)
 .glue_7        0xc7e23f48        0x0 cpu/s3c64xx/libs3c64xx.a(usb_ohci.o)
 .glue_7        0xc7e23f48        0x0 cpu/s3c64xx/libs3c64xx.a(nand.o)
 .glue_7        0xc7e23f48        0x0 cpu/s3c64xx/libs3c64xx.a(usbd-otg-hs.o)
 .glue_7        0xc7e23f48        0x0 lib_arm/libarm.a(armlinux.o)
 .glue_7        0xc7e23f48        0x0 lib_arm/libarm.a(cache.o)
 .glue_7        0xc7e23f48        0x0 drivers/libdrivers.a(1-wire.o)
 .glue_7        0xc7e23f48        0x0 drivers/nand/libnand.a(nand_util.o)
 .glue_7        0xc7e23f48        0x0 lib_generic/libgeneric.a(div64.o)
 .glue_7        0xc7e23f48        0x0 /usr/local/arm/4.3.2/bin/../lib/gcc/arm-none-linux-gnueabi/4.3.2/armv4t/libgcc.a(_udivsi3.o)
 .glue_7        0xc7e23f48        0x0 /usr/local/arm/4.3.2/bin/../lib/gcc/arm-none-linux-gnueabi/4.3.2/armv4t/libgcc.a(_divsi3.o)
 .glue_7        0xc7e23f48        0x0 /usr/local/arm/4.3.2/bin/../lib/gcc/arm-none-linux-gnueabi/4.3.2/armv4t/libgcc.a(_ashrdi3.o)
 .glue_7        0xc7e23f48        0x0 /usr/local/arm/4.3.2/bin/../lib/gcc/arm-none-linux-gnueabi/4.3.2/armv4t/libgcc.a(_ashldi3.o)
 .glue_7        0xc7e23f48        0x0 /usr/local/arm/4.3.2/bin/../lib/gcc/arm-none-linux-gnueabi/4.3.2/armv4t/libgcc.a(_dvmd_lnx.o)

.glue_7t        0xc7e23f48        0x0
 .glue_7t       0xc7e23f48        0x0 cpu/s3c64xx/start.o
 .glue_7t       0xc7e23f48        0x0 cpu/s3c64xx/s3c6410/cpu_init.o
 .glue_7t       0xc7e23f48        0x0 cpu/s3c64xx/onenand_cp.o
 .glue_7t       0xc7e23f48        0x0 cpu/s3c64xx/nand_cp.o
 .glue_7t       0xc7e23f48        0x0 cpu/s3c64xx/movi.o
 .glue_7t       0xc7e23f48        0x0 board/samsung/mini6410/libmini6410.a(lowlevel_init.o)
 .glue_7t       0xc7e23f48        0x0 cpu/s3c64xx/libs3c64xx.a(interrupts.o)
 .glue_7t       0xc7e23f48        0x0 cpu/s3c64xx/libs3c64xx.a(cpu.o)
 .glue_7t       0xc7e23f48        0x0 cpu/s3c64xx/libs3c64xx.a(hs_mmc.o)
 .glue_7t       0xc7e23f48        0x0 cpu/s3c64xx/libs3c64xx.a(serial.o)
 .glue_7t       0xc7e23f48        0x0 cpu/s3c64xx/s3c6410/libs3c6410.a(speed.o)
 .glue_7t       0xc7e23f48        0x0 lib_arm/libarm.a(board.o)
 .glue_7t       0xc7e23f48        0x0 net/libnet.a(net.o)
 .glue_7t       0xc7e23f48        0x0 net/libnet.a(tftp.o)
 .glue_7t       0xc7e23f48        0x0 net/libnet.a(bootp.o)
 .glue_7t       0xc7e23f48        0x0 net/libnet.a(rarp.o)
 .glue_7t       0xc7e23f48        0x0 net/libnet.a(eth.o)
 .glue_7t       0xc7e23f48        0x0 net/libnet.a(nfs.o)
 .glue_7t       0xc7e23f48        0x0 drivers/libdrivers.a(dm9000x.o)
 .glue_7t       0xc7e23f48        0x0 drivers/nand/libnand.a(nand.o)
 .glue_7t       0xc7e23f48        0x0 drivers/nand/libnand.a(nand_base.o)
 .glue_7t       0xc7e23f48        0x0 drivers/nand/libnand.a(nand_ids.o)
 .glue_7t       0xc7e23f48        0x0 drivers/nand/libnand.a(nand_ecc.o)
 .glue_7t       0xc7e23f48        0x0 drivers/nand/libnand.a(nand_bbt.o)
 .glue_7t       0xc7e23f48        0x0 common/libcommon.a(main.o)
 .glue_7t       0xc7e23f48        0x0 common/libcommon.a(cmd_bdinfo.o)
 .glue_7t       0xc7e23f48        0x0 common/libcommon.a(cmd_boot.o)
 .glue_7t       0xc7e23f48        0x0 common/libcommon.a(cmd_bootm.o)
 .glue_7t       0xc7e23f48        0x0 common/libcommon.a(cmd_cache.o)
 .glue_7t       0xc7e23f48        0x0 common/libcommon.a(cmd_flash.o)
 .glue_7t       0xc7e23f48        0x0 common/libcommon.a(cmd_itest.o)
 .glue_7t       0xc7e23f48        0x0 common/libcommon.a(cmd_load.o)
 .glue_7t       0xc7e23f48        0x0 common/libcommon.a(cmd_mem.o)
 .glue_7t       0xc7e23f48        0x0 common/libcommon.a(cmd_misc.o)
 .glue_7t       0xc7e23f48        0x0 common/libcommon.a(cmd_nand.o)
 .glue_7t       0xc7e23f48        0x0 common/libcommon.a(cmd_net.o)
 .glue_7t       0xc7e23f48        0x0 common/libcommon.a(cmd_nvedit.o)
 .glue_7t       0xc7e23f48        0x0 common/libcommon.a(cmd_usb.o)
 .glue_7t       0xc7e23f48        0x0 common/libcommon.a(command.o)
 .glue_7t       0xc7e23f48        0x0 common/libcommon.a(console.o)
 .glue_7t       0xc7e23f48        0x0 common/libcommon.a(devices.o)
 .glue_7t       0xc7e23f48        0x0 common/libcommon.a(dlmalloc.o)
 .glue_7t       0xc7e23f48        0x0 common/libcommon.a(env_common.o)
 .glue_7t       0xc7e23f48        0x0 common/libcommon.a(env_nand.o)
 .glue_7t       0xc7e23f48        0x0 common/libcommon.a(exports.o)
 .glue_7t       0xc7e23f48        0x0 common/libcommon.a(flash.o)
 .glue_7t       0xc7e23f48        0x0 common/libcommon.a(hush.o)
 .glue_7t       0xc7e23f48        0x0 common/libcommon.a(lists.o)
 .glue_7t       0xc7e23f48        0x0 common/libcommon.a(s_record.o)
 .glue_7t       0xc7e23f48        0x0 common/libcommon.a(usb.o)
 .glue_7t       0xc7e23f48        0x0 common/libcommon.a(xyzModem.o)
 .glue_7t       0xc7e23f48        0x0 common/libcommon.a(cmd_usbd.o)
 .glue_7t       0xc7e23f48        0x0 common/libcommon.a(cmd_movi.o)
 .glue_7t       0xc7e23f48        0x0 common/libcommon.a(zeke_do.o)
 .glue_7t       0xc7e23f48        0x0 common/libcommon.a(crc16.o)
 .glue_7t       0xc7e23f48        0x0 lib_generic/libgeneric.a(crc32.o)
 .glue_7t       0xc7e23f48        0x0 lib_generic/libgeneric.a(ctype.o)
 .glue_7t       0xc7e23f48        0x0 lib_generic/libgeneric.a(display_options.o)
 .glue_7t       0xc7e23f48        0x0 lib_generic/libgeneric.a(string.o)
 .glue_7t       0xc7e23f48        0x0 lib_generic/libgeneric.a(vsprintf.o)
 .glue_7t       0xc7e23f48        0x0 lib_generic/libgeneric.a(zlib.o)
 .glue_7t       0xc7e23f48        0x0 board/samsung/mini6410/libmini6410.a(mini6410.o)
 .glue_7t       0xc7e23f48        0x0 board/samsung/mini6410/libmini6410.a(flash.o)
 .glue_7t       0xc7e23f48        0x0 cpu/s3c64xx/libs3c64xx.a(usb_ohci.o)
 .glue_7t       0xc7e23f48        0x0 cpu/s3c64xx/libs3c64xx.a(nand.o)
 .glue_7t       0xc7e23f48        0x0 cpu/s3c64xx/libs3c64xx.a(usbd-otg-hs.o)
 .glue_7t       0xc7e23f48        0x0 lib_arm/libarm.a(armlinux.o)
 .glue_7t       0xc7e23f48        0x0 lib_arm/libarm.a(cache.o)
 .glue_7t       0xc7e23f48        0x0 drivers/libdrivers.a(1-wire.o)
 .glue_7t       0xc7e23f48        0x0 drivers/nand/libnand.a(nand_util.o)
 .glue_7t       0xc7e23f48        0x0 lib_generic/libgeneric.a(div64.o)
 .glue_7t       0xc7e23f48        0x0 /usr/local/arm/4.3.2/bin/../lib/gcc/arm-none-linux-gnueabi/4.3.2/armv4t/libgcc.a(_udivsi3.o)
 .glue_7t       0xc7e23f48        0x0 /usr/local/arm/4.3.2/bin/../lib/gcc/arm-none-linux-gnueabi/4.3.2/armv4t/libgcc.a(_divsi3.o)
 .glue_7t       0xc7e23f48        0x0 /usr/local/arm/4.3.2/bin/../lib/gcc/arm-none-linux-gnueabi/4.3.2/armv4t/libgcc.a(_ashrdi3.o)
 .glue_7t       0xc7e23f48        0x0 /usr/local/arm/4.3.2/bin/../lib/gcc/arm-none-linux-gnueabi/4.3.2/armv4t/libgcc.a(_ashldi3.o)
 .glue_7t       0xc7e23f48        0x0 /usr/local/arm/4.3.2/bin/../lib/gcc/arm-none-linux-gnueabi/4.3.2/armv4t/libgcc.a(_dvmd_lnx.o)

.vfp11_veneer   0xc7e23f48        0x0
 .vfp11_veneer  0xc7e23f48        0x0 cpu/s3c64xx/start.o
 .vfp11_veneer  0xc7e23f48        0x0 cpu/s3c64xx/s3c6410/cpu_init.o
 .vfp11_veneer  0xc7e23f48        0x0 cpu/s3c64xx/onenand_cp.o
 .vfp11_veneer  0xc7e23f48        0x0 cpu/s3c64xx/nand_cp.o
 .vfp11_veneer  0xc7e23f48        0x0 cpu/s3c64xx/movi.o
 .vfp11_veneer  0xc7e23f48        0x0 board/samsung/mini6410/libmini6410.a(lowlevel_init.o)
 .vfp11_veneer  0xc7e23f48        0x0 cpu/s3c64xx/libs3c64xx.a(interrupts.o)
 .vfp11_veneer  0xc7e23f48        0x0 cpu/s3c64xx/libs3c64xx.a(cpu.o)
 .vfp11_veneer  0xc7e23f48        0x0 cpu/s3c64xx/libs3c64xx.a(hs_mmc.o)
 .vfp11_veneer  0xc7e23f48        0x0 cpu/s3c64xx/libs3c64xx.a(serial.o)
 .vfp11_veneer  0xc7e23f48        0x0 cpu/s3c64xx/s3c6410/libs3c6410.a(speed.o)
 .vfp11_veneer  0xc7e23f48        0x0 lib_arm/libarm.a(board.o)
 .vfp11_veneer  0xc7e23f48        0x0 net/libnet.a(net.o)
 .vfp11_veneer  0xc7e23f48        0x0 net/libnet.a(tftp.o)
 .vfp11_veneer  0xc7e23f48        0x0 net/libnet.a(bootp.o)
 .vfp11_veneer  0xc7e23f48        0x0 net/libnet.a(rarp.o)
 .vfp11_veneer  0xc7e23f48        0x0 net/libnet.a(eth.o)
 .vfp11_veneer  0xc7e23f48        0x0 net/libnet.a(nfs.o)
 .vfp11_veneer  0xc7e23f48        0x0 drivers/libdrivers.a(dm9000x.o)
 .vfp11_veneer  0xc7e23f48        0x0 drivers/nand/libnand.a(nand.o)
 .vfp11_veneer  0xc7e23f48        0x0 drivers/nand/libnand.a(nand_base.o)
 .vfp11_veneer  0xc7e23f48        0x0 drivers/nand/libnand.a(nand_ids.o)
 .vfp11_veneer  0xc7e23f48        0x0 drivers/nand/libnand.a(nand_ecc.o)
 .vfp11_veneer  0xc7e23f48        0x0 drivers/nand/libnand.a(nand_bbt.o)
 .vfp11_veneer  0xc7e23f48        0x0 common/libcommon.a(main.o)
 .vfp11_veneer  0xc7e23f48        0x0 common/libcommon.a(cmd_bdinfo.o)
 .vfp11_veneer  0xc7e23f48        0x0 common/libcommon.a(cmd_boot.o)
 .vfp11_veneer  0xc7e23f48        0x0 common/libcommon.a(cmd_bootm.o)
 .vfp11_veneer  0xc7e23f48        0x0 common/libcommon.a(cmd_cache.o)
 .vfp11_veneer  0xc7e23f48        0x0 common/libcommon.a(cmd_flash.o)
 .vfp11_veneer  0xc7e23f48        0x0 common/libcommon.a(cmd_itest.o)
 .vfp11_veneer  0xc7e23f48        0x0 common/libcommon.a(cmd_load.o)
 .vfp11_veneer  0xc7e23f48        0x0 common/libcommon.a(cmd_mem.o)
 .vfp11_veneer  0xc7e23f48        0x0 common/libcommon.a(cmd_misc.o)
 .vfp11_veneer  0xc7e23f48        0x0 common/libcommon.a(cmd_nand.o)
 .vfp11_veneer  0xc7e23f48        0x0 common/libcommon.a(cmd_net.o)
 .vfp11_veneer  0xc7e23f48        0x0 common/libcommon.a(cmd_nvedit.o)
 .vfp11_veneer  0xc7e23f48        0x0 common/libcommon.a(cmd_usb.o)
 .vfp11_veneer  0xc7e23f48        0x0 common/libcommon.a(command.o)
 .vfp11_veneer  0xc7e23f48        0x0 common/libcommon.a(console.o)
 .vfp11_veneer  0xc7e23f48        0x0 common/libcommon.a(devices.o)
 .vfp11_veneer  0xc7e23f48        0x0 common/libcommon.a(dlmalloc.o)
 .vfp11_veneer  0xc7e23f48        0x0 common/libcommon.a(env_common.o)
 .vfp11_veneer  0xc7e23f48        0x0 common/libcommon.a(env_nand.o)
 .vfp11_veneer  0xc7e23f48        0x0 common/libcommon.a(exports.o)
 .vfp11_veneer  0xc7e23f48        0x0 common/libcommon.a(flash.o)
 .vfp11_veneer  0xc7e23f48        0x0 common/libcommon.a(hush.o)
 .vfp11_veneer  0xc7e23f48        0x0 common/libcommon.a(lists.o)
 .vfp11_veneer  0xc7e23f48        0x0 common/libcommon.a(s_record.o)
 .vfp11_veneer  0xc7e23f48        0x0 common/libcommon.a(usb.o)
 .vfp11_veneer  0xc7e23f48        0x0 common/libcommon.a(xyzModem.o)
 .vfp11_veneer  0xc7e23f48        0x0 common/libcommon.a(cmd_usbd.o)
 .vfp11_veneer  0xc7e23f48        0x0 common/libcommon.a(cmd_movi.o)
 .vfp11_veneer  0xc7e23f48        0x0 common/libcommon.a(zeke_do.o)
 .vfp11_veneer  0xc7e23f48        0x0 common/libcommon.a(crc16.o)
 .vfp11_veneer  0xc7e23f48        0x0 lib_generic/libgeneric.a(crc32.o)
 .vfp11_veneer  0xc7e23f48        0x0 lib_generic/libgeneric.a(ctype.o)
 .vfp11_veneer  0xc7e23f48        0x0 lib_generic/libgeneric.a(display_options.o)
 .vfp11_veneer  0xc7e23f48        0x0 lib_generic/libgeneric.a(string.o)
 .vfp11_veneer  0xc7e23f48        0x0 lib_generic/libgeneric.a(vsprintf.o)
 .vfp11_veneer  0xc7e23f48        0x0 lib_generic/libgeneric.a(zlib.o)
 .vfp11_veneer  0xc7e23f48        0x0 board/samsung/mini6410/libmini6410.a(mini6410.o)
 .vfp11_veneer  0xc7e23f48        0x0 board/samsung/mini6410/libmini6410.a(flash.o)
 .vfp11_veneer  0xc7e23f48        0x0 cpu/s3c64xx/libs3c64xx.a(usb_ohci.o)
 .vfp11_veneer  0xc7e23f48        0x0 cpu/s3c64xx/libs3c64xx.a(nand.o)
 .vfp11_veneer  0xc7e23f48        0x0 cpu/s3c64xx/libs3c64xx.a(usbd-otg-hs.o)
 .vfp11_veneer  0xc7e23f48        0x0 lib_arm/libarm.a(armlinux.o)
 .vfp11_veneer  0xc7e23f48        0x0 lib_arm/libarm.a(cache.o)
 .vfp11_veneer  0xc7e23f48        0x0 drivers/libdrivers.a(1-wire.o)
 .vfp11_veneer  0xc7e23f48        0x0 drivers/nand/libnand.a(nand_util.o)
 .vfp11_veneer  0xc7e23f48        0x0 lib_generic/libgeneric.a(div64.o)
 .vfp11_veneer  0xc7e23f48        0x0 /usr/local/arm/4.3.2/bin/../lib/gcc/arm-none-linux-gnueabi/4.3.2/armv4t/libgcc.a(_udivsi3.o)
 .vfp11_veneer  0xc7e23f48        0x0 /usr/local/arm/4.3.2/bin/../lib/gcc/arm-none-linux-gnueabi/4.3.2/armv4t/libgcc.a(_divsi3.o)
 .vfp11_veneer  0xc7e23f48        0x0 /usr/local/arm/4.3.2/bin/../lib/gcc/arm-none-linux-gnueabi/4.3.2/armv4t/libgcc.a(_ashrdi3.o)
 .vfp11_veneer  0xc7e23f48        0x0 /usr/local/arm/4.3.2/bin/../lib/gcc/arm-none-linux-gnueabi/4.3.2/armv4t/libgcc.a(_ashldi3.o)
 .vfp11_veneer  0xc7e23f48        0x0 /usr/local/arm/4.3.2/bin/../lib/gcc/arm-none-linux-gnueabi/4.3.2/armv4t/libgcc.a(_dvmd_lnx.o)

.janus_2cc_veneer
                0xc7e23f48        0x0
 .janus_2cc_veneer
                0xc7e23f48        0x0 cpu/s3c64xx/start.o
 .janus_2cc_veneer
                0xc7e23f48        0x0 cpu/s3c64xx/s3c6410/cpu_init.o
 .janus_2cc_veneer
                0xc7e23f48        0x0 cpu/s3c64xx/onenand_cp.o
 .janus_2cc_veneer
                0xc7e23f48        0x0 cpu/s3c64xx/nand_cp.o
 .janus_2cc_veneer
                0xc7e23f48        0x0 cpu/s3c64xx/movi.o
 .janus_2cc_veneer
                0xc7e23f48        0x0 board/samsung/mini6410/libmini6410.a(lowlevel_init.o)
 .janus_2cc_veneer
                0xc7e23f48        0x0 cpu/s3c64xx/libs3c64xx.a(interrupts.o)
 .janus_2cc_veneer
                0xc7e23f48        0x0 cpu/s3c64xx/libs3c64xx.a(cpu.o)
 .janus_2cc_veneer
                0xc7e23f48        0x0 cpu/s3c64xx/libs3c64xx.a(hs_mmc.o)
 .janus_2cc_veneer
                0xc7e23f48        0x0 cpu/s3c64xx/libs3c64xx.a(serial.o)
 .janus_2cc_veneer
                0xc7e23f48        0x0 cpu/s3c64xx/s3c6410/libs3c6410.a(speed.o)
 .janus_2cc_veneer
                0xc7e23f48        0x0 lib_arm/libarm.a(board.o)
 .janus_2cc_veneer
                0xc7e23f48        0x0 net/libnet.a(net.o)
 .janus_2cc_veneer
                0xc7e23f48        0x0 net/libnet.a(tftp.o)
 .janus_2cc_veneer
                0xc7e23f48        0x0 net/libnet.a(bootp.o)
 .janus_2cc_veneer
                0xc7e23f48        0x0 net/libnet.a(rarp.o)
 .janus_2cc_veneer
                0xc7e23f48        0x0 net/libnet.a(eth.o)
 .janus_2cc_veneer
                0xc7e23f48        0x0 net/libnet.a(nfs.o)
 .janus_2cc_veneer
                0xc7e23f48        0x0 drivers/libdrivers.a(dm9000x.o)
 .janus_2cc_veneer
                0xc7e23f48        0x0 drivers/nand/libnand.a(nand.o)
 .janus_2cc_veneer
                0xc7e23f48        0x0 drivers/nand/libnand.a(nand_base.o)
 .janus_2cc_veneer
                0xc7e23f48        0x0 drivers/nand/libnand.a(nand_ids.o)
 .janus_2cc_veneer
                0xc7e23f48        0x0 drivers/nand/libnand.a(nand_ecc.o)
 .janus_2cc_veneer
                0xc7e23f48        0x0 drivers/nand/libnand.a(nand_bbt.o)
 .janus_2cc_veneer
                0xc7e23f48        0x0 common/libcommon.a(main.o)
 .janus_2cc_veneer
                0xc7e23f48        0x0 common/libcommon.a(cmd_bdinfo.o)
 .janus_2cc_veneer
                0xc7e23f48        0x0 common/libcommon.a(cmd_boot.o)
 .janus_2cc_veneer
                0xc7e23f48        0x0 common/libcommon.a(cmd_bootm.o)
 .janus_2cc_veneer
                0xc7e23f48        0x0 common/libcommon.a(cmd_cache.o)
 .janus_2cc_veneer
                0xc7e23f48        0x0 common/libcommon.a(cmd_flash.o)
 .janus_2cc_veneer
                0xc7e23f48        0x0 common/libcommon.a(cmd_itest.o)
 .janus_2cc_veneer
                0xc7e23f48        0x0 common/libcommon.a(cmd_load.o)
 .janus_2cc_veneer
                0xc7e23f48        0x0 common/libcommon.a(cmd_mem.o)
 .janus_2cc_veneer
                0xc7e23f48        0x0 common/libcommon.a(cmd_misc.o)
 .janus_2cc_veneer
                0xc7e23f48        0x0 common/libcommon.a(cmd_nand.o)
 .janus_2cc_veneer
                0xc7e23f48        0x0 common/libcommon.a(cmd_net.o)
 .janus_2cc_veneer
                0xc7e23f48        0x0 common/libcommon.a(cmd_nvedit.o)
 .janus_2cc_veneer
                0xc7e23f48        0x0 common/libcommon.a(cmd_usb.o)
 .janus_2cc_veneer
                0xc7e23f48        0x0 common/libcommon.a(command.o)
 .janus_2cc_veneer
                0xc7e23f48        0x0 common/libcommon.a(console.o)
 .janus_2cc_veneer
                0xc7e23f48        0x0 common/libcommon.a(devices.o)
 .janus_2cc_veneer
                0xc7e23f48        0x0 common/libcommon.a(dlmalloc.o)
 .janus_2cc_veneer
                0xc7e23f48        0x0 common/libcommon.a(env_common.o)
 .janus_2cc_veneer
                0xc7e23f48        0x0 common/libcommon.a(env_nand.o)
 .janus_2cc_veneer
                0xc7e23f48        0x0 common/libcommon.a(exports.o)
 .janus_2cc_veneer
                0xc7e23f48        0x0 common/libcommon.a(flash.o)
 .janus_2cc_veneer
                0xc7e23f48        0x0 common/libcommon.a(hush.o)
 .janus_2cc_veneer
                0xc7e23f48        0x0 common/libcommon.a(lists.o)
 .janus_2cc_veneer
                0xc7e23f48        0x0 common/libcommon.a(s_record.o)
 .janus_2cc_veneer
                0xc7e23f48        0x0 common/libcommon.a(usb.o)
 .janus_2cc_veneer
                0xc7e23f48        0x0 common/libcommon.a(xyzModem.o)
 .janus_2cc_veneer
                0xc7e23f48        0x0 common/libcommon.a(cmd_usbd.o)
 .janus_2cc_veneer
                0xc7e23f48        0x0 common/libcommon.a(cmd_movi.o)
 .janus_2cc_veneer
                0xc7e23f48        0x0 common/libcommon.a(zeke_do.o)
 .janus_2cc_veneer
                0xc7e23f48        0x0 common/libcommon.a(crc16.o)
 .janus_2cc_veneer
                0xc7e23f48        0x0 lib_generic/libgeneric.a(crc32.o)
 .janus_2cc_veneer
                0xc7e23f48        0x0 lib_generic/libgeneric.a(ctype.o)
 .janus_2cc_veneer
                0xc7e23f48        0x0 lib_generic/libgeneric.a(display_options.o)
 .janus_2cc_veneer
                0xc7e23f48        0x0 lib_generic/libgeneric.a(string.o)
 .janus_2cc_veneer
                0xc7e23f48        0x0 lib_generic/libgeneric.a(vsprintf.o)
 .janus_2cc_veneer
                0xc7e23f48        0x0 lib_generic/libgeneric.a(zlib.o)
 .janus_2cc_veneer
                0xc7e23f48        0x0 board/samsung/mini6410/libmini6410.a(mini6410.o)
 .janus_2cc_veneer
                0xc7e23f48        0x0 board/samsung/mini6410/libmini6410.a(flash.o)
 .janus_2cc_veneer
                0xc7e23f48        0x0 cpu/s3c64xx/libs3c64xx.a(usb_ohci.o)
 .janus_2cc_veneer
                0xc7e23f48        0x0 cpu/s3c64xx/libs3c64xx.a(nand.o)
 .janus_2cc_veneer
                0xc7e23f48        0x0 cpu/s3c64xx/libs3c64xx.a(usbd-otg-hs.o)
 .janus_2cc_veneer
                0xc7e23f48        0x0 lib_arm/libarm.a(armlinux.o)
 .janus_2cc_veneer
                0xc7e23f48        0x0 lib_arm/libarm.a(cache.o)
 .janus_2cc_veneer
                0xc7e23f48        0x0 drivers/libdrivers.a(1-wire.o)
 .janus_2cc_veneer
                0xc7e23f48        0x0 drivers/nand/libnand.a(nand_util.o)
 .janus_2cc_veneer
                0xc7e23f48        0x0 lib_generic/libgeneric.a(div64.o)
 .janus_2cc_veneer
                0xc7e23f48        0x0 /usr/local/arm/4.3.2/bin/../lib/gcc/arm-none-linux-gnueabi/4.3.2/armv4t/libgcc.a(_udivsi3.o)
 .janus_2cc_veneer
                0xc7e23f48        0x0 /usr/local/arm/4.3.2/bin/../lib/gcc/arm-none-linux-gnueabi/4.3.2/armv4t/libgcc.a(_divsi3.o)
 .janus_2cc_veneer
                0xc7e23f48        0x0 /usr/local/arm/4.3.2/bin/../lib/gcc/arm-none-linux-gnueabi/4.3.2/armv4t/libgcc.a(_ashrdi3.o)
 .janus_2cc_veneer
                0xc7e23f48        0x0 /usr/local/arm/4.3.2/bin/../lib/gcc/arm-none-linux-gnueabi/4.3.2/armv4t/libgcc.a(_ashldi3.o)
 .janus_2cc_veneer
                0xc7e23f48        0x0 /usr/local/arm/4.3.2/bin/../lib/gcc/arm-none-linux-gnueabi/4.3.2/armv4t/libgcc.a(_dvmd_lnx.o)

.v4_bx          0xc7e23f48        0x0
 .v4_bx         0xc7e23f48        0x0 cpu/s3c64xx/start.o
 .v4_bx         0xc7e23f48        0x0 cpu/s3c64xx/s3c6410/cpu_init.o
 .v4_bx         0xc7e23f48        0x0 cpu/s3c64xx/onenand_cp.o
 .v4_bx         0xc7e23f48        0x0 cpu/s3c64xx/nand_cp.o
 .v4_bx         0xc7e23f48        0x0 cpu/s3c64xx/movi.o
 .v4_bx         0xc7e23f48        0x0 board/samsung/mini6410/libmini6410.a(lowlevel_init.o)
 .v4_bx         0xc7e23f48        0x0 cpu/s3c64xx/libs3c64xx.a(interrupts.o)
 .v4_bx         0xc7e23f48        0x0 cpu/s3c64xx/libs3c64xx.a(cpu.o)
 .v4_bx         0xc7e23f48        0x0 cpu/s3c64xx/libs3c64xx.a(hs_mmc.o)
 .v4_bx         0xc7e23f48        0x0 cpu/s3c64xx/libs3c64xx.a(serial.o)
 .v4_bx         0xc7e23f48        0x0 cpu/s3c64xx/s3c6410/libs3c6410.a(speed.o)
 .v4_bx         0xc7e23f48        0x0 lib_arm/libarm.a(board.o)
 .v4_bx         0xc7e23f48        0x0 net/libnet.a(net.o)
 .v4_bx         0xc7e23f48        0x0 net/libnet.a(tftp.o)
 .v4_bx         0xc7e23f48        0x0 net/libnet.a(bootp.o)
 .v4_bx         0xc7e23f48        0x0 net/libnet.a(rarp.o)
 .v4_bx         0xc7e23f48        0x0 net/libnet.a(eth.o)
 .v4_bx         0xc7e23f48        0x0 net/libnet.a(nfs.o)
 .v4_bx         0xc7e23f48        0x0 drivers/libdrivers.a(dm9000x.o)
 .v4_bx         0xc7e23f48        0x0 drivers/nand/libnand.a(nand.o)
 .v4_bx         0xc7e23f48        0x0 drivers/nand/libnand.a(nand_base.o)
 .v4_bx         0xc7e23f48        0x0 drivers/nand/libnand.a(nand_ids.o)
 .v4_bx         0xc7e23f48        0x0 drivers/nand/libnand.a(nand_ecc.o)
 .v4_bx         0xc7e23f48        0x0 drivers/nand/libnand.a(nand_bbt.o)
 .v4_bx         0xc7e23f48        0x0 common/libcommon.a(main.o)
 .v4_bx         0xc7e23f48        0x0 common/libcommon.a(cmd_bdinfo.o)
 .v4_bx         0xc7e23f48        0x0 common/libcommon.a(cmd_boot.o)
 .v4_bx         0xc7e23f48        0x0 common/libcommon.a(cmd_bootm.o)
 .v4_bx         0xc7e23f48        0x0 common/libcommon.a(cmd_cache.o)
 .v4_bx         0xc7e23f48        0x0 common/libcommon.a(cmd_flash.o)
 .v4_bx         0xc7e23f48        0x0 common/libcommon.a(cmd_itest.o)
 .v4_bx         0xc7e23f48        0x0 common/libcommon.a(cmd_load.o)
 .v4_bx         0xc7e23f48        0x0 common/libcommon.a(cmd_mem.o)
 .v4_bx         0xc7e23f48        0x0 common/libcommon.a(cmd_misc.o)
 .v4_bx         0xc7e23f48        0x0 common/libcommon.a(cmd_nand.o)
 .v4_bx         0xc7e23f48        0x0 common/libcommon.a(cmd_net.o)
 .v4_bx         0xc7e23f48        0x0 common/libcommon.a(cmd_nvedit.o)
 .v4_bx         0xc7e23f48        0x0 common/libcommon.a(cmd_usb.o)
 .v4_bx         0xc7e23f48        0x0 common/libcommon.a(command.o)
 .v4_bx         0xc7e23f48        0x0 common/libcommon.a(console.o)
 .v4_bx         0xc7e23f48        0x0 common/libcommon.a(devices.o)
 .v4_bx         0xc7e23f48        0x0 common/libcommon.a(dlmalloc.o)
 .v4_bx         0xc7e23f48        0x0 common/libcommon.a(env_common.o)
 .v4_bx         0xc7e23f48        0x0 common/libcommon.a(env_nand.o)
 .v4_bx         0xc7e23f48        0x0 common/libcommon.a(exports.o)
 .v4_bx         0xc7e23f48        0x0 common/libcommon.a(flash.o)
 .v4_bx         0xc7e23f48        0x0 common/libcommon.a(hush.o)
 .v4_bx         0xc7e23f48        0x0 common/libcommon.a(lists.o)
 .v4_bx         0xc7e23f48        0x0 common/libcommon.a(s_record.o)
 .v4_bx         0xc7e23f48        0x0 common/libcommon.a(usb.o)
 .v4_bx         0xc7e23f48        0x0 common/libcommon.a(xyzModem.o)
 .v4_bx         0xc7e23f48        0x0 common/libcommon.a(cmd_usbd.o)
 .v4_bx         0xc7e23f48        0x0 common/libcommon.a(cmd_movi.o)
 .v4_bx         0xc7e23f48        0x0 common/libcommon.a(zeke_do.o)
 .v4_bx         0xc7e23f48        0x0 common/libcommon.a(crc16.o)
 .v4_bx         0xc7e23f48        0x0 lib_generic/libgeneric.a(crc32.o)
 .v4_bx         0xc7e23f48        0x0 lib_generic/libgeneric.a(ctype.o)
 .v4_bx         0xc7e23f48        0x0 lib_generic/libgeneric.a(display_options.o)
 .v4_bx         0xc7e23f48        0x0 lib_generic/libgeneric.a(string.o)
 .v4_bx         0xc7e23f48        0x0 lib_generic/libgeneric.a(vsprintf.o)
 .v4_bx         0xc7e23f48        0x0 lib_generic/libgeneric.a(zlib.o)
 .v4_bx         0xc7e23f48        0x0 board/samsung/mini6410/libmini6410.a(mini6410.o)
 .v4_bx         0xc7e23f48        0x0 board/samsung/mini6410/libmini6410.a(flash.o)
 .v4_bx         0xc7e23f48        0x0 cpu/s3c64xx/libs3c64xx.a(usb_ohci.o)
 .v4_bx         0xc7e23f48        0x0 cpu/s3c64xx/libs3c64xx.a(nand.o)
 .v4_bx         0xc7e23f48        0x0 cpu/s3c64xx/libs3c64xx.a(usbd-otg-hs.o)
 .v4_bx         0xc7e23f48        0x0 lib_arm/libarm.a(armlinux.o)
 .v4_bx         0xc7e23f48        0x0 lib_arm/libarm.a(cache.o)
 .v4_bx         0xc7e23f48        0x0 drivers/libdrivers.a(1-wire.o)
 .v4_bx         0xc7e23f48        0x0 drivers/nand/libnand.a(nand_util.o)
 .v4_bx         0xc7e23f48        0x0 lib_generic/libgeneric.a(div64.o)
 .v4_bx         0xc7e23f48        0x0 /usr/local/arm/4.3.2/bin/../lib/gcc/arm-none-linux-gnueabi/4.3.2/armv4t/libgcc.a(_udivsi3.o)
 .v4_bx         0xc7e23f48        0x0 /usr/local/arm/4.3.2/bin/../lib/gcc/arm-none-linux-gnueabi/4.3.2/armv4t/libgcc.a(_divsi3.o)
 .v4_bx         0xc7e23f48        0x0 /usr/local/arm/4.3.2/bin/../lib/gcc/arm-none-linux-gnueabi/4.3.2/armv4t/libgcc.a(_ashrdi3.o)
 .v4_bx         0xc7e23f48        0x0 /usr/local/arm/4.3.2/bin/../lib/gcc/arm-none-linux-gnueabi/4.3.2/armv4t/libgcc.a(_ashldi3.o)
 .v4_bx         0xc7e23f48        0x0 /usr/local/arm/4.3.2/bin/../lib/gcc/arm-none-linux-gnueabi/4.3.2/armv4t/libgcc.a(_dvmd_lnx.o)
                0xc7e23f48                . = ALIGN (0x4)

.rodata         0xc7e23f48      0x956
 *(.rodata)
 .rodata        0xc7e23f48       0x80 cpu/s3c64xx/libs3c64xx.a(interrupts.o)
 .rodata        0xc7e23fc8       0x3f lib_arm/libarm.a(board.o)
                0xc7e23fc8                version_string
 .rodata        0xc7e24007        0x7 net/libnet.a(net.o)
 .rodata        0xc7e2400e        0x5 drivers/nand/libnand.a(nand.o)
 .rodata        0xc7e24013       0x42 drivers/nand/libnand.a(nand_base.o)
 .rodata        0xc7e24055      0x100 drivers/nand/libnand.a(nand_ecc.o)
 *fill*         0xc7e24155        0x3 00
 .rodata        0xc7e24158       0x14 common/libcommon.a(cmd_nvedit.o)
 .rodata        0xc7e2416c      0x200 common/libcommon.a(crc16.o)
 .rodata        0xc7e2436c      0x400 lib_generic/libgeneric.a(crc32.o)
 .rodata        0xc7e2476c       0x90 lib_generic/libgeneric.a(zlib.o)
 .rodata        0xc7e247fc       0xa2 cpu/s3c64xx/libs3c64xx.a(usbd-otg-hs.o)
                0xc7e24858                string_desc0
                0xc7e2482e                config_high_total
                0xc7e24805                config_full_total
                0xc7e24825                config_high
                0xc7e2485c                string_desc1
                0xc7e2484e                qualifier_desc
                0xc7e247fc                config_full
                0xc7e24872                string_desc2

.rodata.str1.1  0xc7e2489e     0x61b5
 .rodata.str1.1
                0xc7e2489e       0x1e cpu/s3c64xx/movi.o
 .rodata.str1.1
                0xc7e248bc      0x260 cpu/s3c64xx/libs3c64xx.a(interrupts.o)
                                0x27b (size before relaxing)
 .rodata.str1.1
                0xc7e24b1c        0xd cpu/s3c64xx/libs3c64xx.a(cpu.o)
 .rodata.str1.1
                0xc7e24b29      0x1ef cpu/s3c64xx/libs3c64xx.a(hs_mmc.o)
                                0x1f1 (size before relaxing)
 .rodata.str1.1
                0xc7e24d18       0x7c cpu/s3c64xx/s3c6410/libs3c6410.a(speed.o)
 .rodata.str1.1
                0xc7e24d94       0x78 lib_arm/libarm.a(board.o)
                                 0x7a (size before relaxing)
 .rodata.str1.1
                0xc7e24e0c      0x1ba net/libnet.a(net.o)
                                0x1c2 (size before relaxing)
 .rodata.str1.1
                0xc7e24fc6      0x174 net/libnet.a(tftp.o)
                                0x1b5 (size before relaxing)
 .rodata.str1.1
                0xc7e2513a       0x7d net/libnet.a(bootp.o)
                                 0xad (size before relaxing)
 .rodata.str1.1
                0xc7e251b7       0x13 net/libnet.a(rarp.o)
                                 0x47 (size before relaxing)
 .rodata.str1.1
                0xc7e251ca       0xed net/libnet.a(nfs.o)
                                0x16c (size before relaxing)
 .rodata.str1.1
                0xc7e252b7      0x20b drivers/libdrivers.a(dm9000x.o)
                                0x219 (size before relaxing)
 .rodata.str1.1
                0xc7e254c2        0x8 drivers/nand/libnand.a(nand.o)
                                  0xa (size before relaxing)
 .rodata.str1.1
                0xc7e254ca      0x256 drivers/nand/libnand.a(nand_base.o)
 .rodata.str1.1
                0xc7e25720      0x3e2 drivers/nand/libnand.a(nand_ids.o)
                                0x3f8 (size before relaxing)
 .rodata.str1.1
                0xc7e25b02      0x270 drivers/nand/libnand.a(nand_bbt.o)
 .rodata.str1.1
                0xc7e25d72      0x4f9 common/libcommon.a(main.o)
                                0x4fa (size before relaxing)
 .rodata.str1.1
                0xc7e2626b       0xb2 common/libcommon.a(cmd_bdinfo.o)
 .rodata.str1.1
                0xc7e2631d      0x106 common/libcommon.a(cmd_boot.o)
                                0x111 (size before relaxing)
 .rodata.str1.1
                0xc7e26423      0x61a common/libcommon.a(cmd_bootm.o)
                                0x63a (size before relaxing)
 .rodata.str1.1
                0xc7e26a3d      0x1a2 common/libcommon.a(cmd_cache.o)
                                0x1b7 (size before relaxing)
 .rodata.str1.1
                0xc7e26bdf      0x61c common/libcommon.a(cmd_flash.o)
                                0x634 (size before relaxing)
 .rodata.str1.1
                0xc7e271fb       0xbd common/libcommon.a(cmd_itest.o)
                                 0xca (size before relaxing)
 .rodata.str1.1
                0xc7e272b8      0x35c common/libcommon.a(cmd_load.o)
                                0x376 (size before relaxing)
 .rodata.str1.1
                0xc7e27614      0x5c4 common/libcommon.a(cmd_mem.o)
                                0x5e8 (size before relaxing)
 .rodata.str1.1
                0xc7e27bd8       0x6b common/libcommon.a(cmd_misc.o)
                                 0x76 (size before relaxing)
 .rodata.str1.1
                0xc7e27c43      0xa76 common/libcommon.a(cmd_nand.o)
                                0xabb (size before relaxing)
 .rodata.str1.1
                0xc7e286b9      0x203 common/libcommon.a(cmd_net.o)
                                0x247 (size before relaxing)
 .rodata.str1.1
                0xc7e288bc      0x2bd common/libcommon.a(cmd_nvedit.o)
                                0x32c (size before relaxing)
 .rodata.str1.1
                0xc7e28b79      0x447 common/libcommon.a(cmd_usb.o)
                                0x486 (size before relaxing)
 .rodata.str1.1
                0xc7e28fc0      0x2e8 common/libcommon.a(command.o)
                                0x31a (size before relaxing)
 .rodata.str1.1
                0xc7e292a8       0x76 common/libcommon.a(console.o)
                                 0x7a (size before relaxing)
 .rodata.str1.1
                0xc7e2931e       0x2f common/libcommon.a(devices.o)
                                 0x43 (size before relaxing)
 .rodata.str1.1
                0xc7e2934d       0x33 common/libcommon.a(env_common.o)
 .rodata.str1.1
                0xc7e29380       0x93 common/libcommon.a(env_nand.o)
                                 0x99 (size before relaxing)
 .rodata.str1.1
                0xc7e29413      0x10c common/libcommon.a(flash.o)
 .rodata.str1.1
                0xc7e2951f      0x15d common/libcommon.a(hush.o)
                                0x197 (size before relaxing)
 .rodata.str1.1
                0xc7e2967c      0x265 common/libcommon.a(usb.o)
 .rodata.str1.1
                0xc7e298e1       0xe3 common/libcommon.a(xyzModem.o)
                                 0xe5 (size before relaxing)
 .rodata.str1.1
                0xc7e299c4       0xe8 common/libcommon.a(cmd_usbd.o)
                                 0xf3 (size before relaxing)
 .rodata.str1.1
                0xc7e29aac      0x20a common/libcommon.a(cmd_movi.o)
                                0x224 (size before relaxing)
 .rodata.str1.1
                0xc7e29cb6      0x196 common/libcommon.a(zeke_do.o)
                                0x201 (size before relaxing)
 .rodata.str1.1
                0xc7e29e4c       0x11 lib_generic/libgeneric.a(display_options.o)
                                 0x18 (size before relaxing)
 .rodata.str1.1
                0xc7e29e5d       0x51 lib_generic/libgeneric.a(vsprintf.o)
 .rodata.str1.1
                0xc7e29eae      0x1f3 lib_generic/libgeneric.a(zlib.o)
                                0x1f4 (size before relaxing)
 .rodata.str1.1
                0xc7e2a0a1       0x8a board/samsung/mini6410/libmini6410.a(mini6410.o)
                                 0x9e (size before relaxing)
 .rodata.str1.1
                0xc7e2a12b       0xd5 board/samsung/mini6410/libmini6410.a(flash.o)
                                 0xe9 (size before relaxing)
 .rodata.str1.1
                0xc7e2a200       0xbd cpu/s3c64xx/libs3c64xx.a(usb_ohci.o)
 .rodata.str1.1
                0xc7e2a2bd       0xbc cpu/s3c64xx/libs3c64xx.a(nand.o)
 .rodata.str1.1
                0xc7e2a379      0x145 cpu/s3c64xx/libs3c64xx.a(usbd-otg-hs.o)
                                0x14a (size before relaxing)
 .rodata.str1.1
                0xc7e2a4be       0x6c lib_arm/libarm.a(armlinux.o)
                                 0xb7 (size before relaxing)
 .rodata.str1.1
                0xc7e2a52a      0x529 drivers/nand/libnand.a(nand_util.o)
                                0x52b (size before relaxing)
                0xc7e2aa54                . = ALIGN (0x4)

.data           0xc7e2aa54     0x1fc0
 *(.data)
 .data          0xc7e2aa54        0x0 cpu/s3c64xx/start.o
 .data          0xc7e2aa54        0x0 cpu/s3c64xx/s3c6410/cpu_init.o
 .data          0xc7e2aa54        0x0 cpu/s3c64xx/onenand_cp.o
 .data          0xc7e2aa54        0x0 cpu/s3c64xx/nand_cp.o
 .data          0xc7e2aa54        0x0 cpu/s3c64xx/movi.o
 .data          0xc7e2aa54        0x0 board/samsung/mini6410/libmini6410.a(lowlevel_init.o)
 .data          0xc7e2aa54        0x0 cpu/s3c64xx/libs3c64xx.a(interrupts.o)
 .data          0xc7e2aa54        0x0 cpu/s3c64xx/libs3c64xx.a(cpu.o)
 .data          0xc7e2aa54        0x0 cpu/s3c64xx/libs3c64xx.a(hs_mmc.o)
 .data          0xc7e2aa54        0x0 cpu/s3c64xx/libs3c64xx.a(serial.o)
 .data          0xc7e2aa54        0x0 cpu/s3c64xx/s3c6410/libs3c6410.a(speed.o)
 .data          0xc7e2aa54       0x34 lib_arm/libarm.a(board.o)
                0xc7e2aa54                init_sequence
 .data          0xc7e2aa88        0xa net/libnet.a(net.o)
                0xc7e2aa8a                NetBcastAddr
                0xc7e2aa90                NetOurNativeVLAN
                0xc7e2aa88                NetOurVLAN
 .data          0xc7e2aa92        0x0 net/libnet.a(tftp.o)
 .data          0xc7e2aa92        0x0 net/libnet.a(bootp.o)
 .data          0xc7e2aa92        0x0 net/libnet.a(rarp.o)
 .data          0xc7e2aa92        0x0 net/libnet.a(eth.o)
 *fill*         0xc7e2aa92        0x2 00
 .data          0xc7e2aa94        0x4 net/libnet.a(nfs.o)
 .data          0xc7e2aa98        0x0 drivers/libdrivers.a(dm9000x.o)
 .data          0xc7e2aa98        0x4 drivers/nand/libnand.a(nand.o)
                0xc7e2aa98                nand_curr_device
 .data          0xc7e2aa9c      0x3f0 drivers/nand/libnand.a(nand_base.o)
 .data          0xc7e2ae8c      0x5c8 drivers/nand/libnand.a(nand_ids.o)
                0xc7e2b414                nand_manuf_ids
                0xc7e2ae8c                nand_flash_ids
 .data          0xc7e2b454        0x0 drivers/nand/libnand.a(nand_ecc.o)
 .data          0xc7e2b454      0x10c drivers/nand/libnand.a(nand_bbt.o)
 .data          0xc7e2b560      0x408 common/libcommon.a(main.o)
 .data          0xc7e2b968        0x0 common/libcommon.a(cmd_bdinfo.o)
 .data          0xc7e2b968        0x0 common/libcommon.a(cmd_boot.o)
 .data          0xc7e2b968        0x4 common/libcommon.a(cmd_bootm.o)
                0xc7e2b968                load_addr
 .data          0xc7e2b96c        0x0 common/libcommon.a(cmd_cache.o)
 .data          0xc7e2b96c        0x0 common/libcommon.a(cmd_flash.o)
 .data          0xc7e2b96c       0x68 common/libcommon.a(cmd_itest.o)
                0xc7e2b96c                op_table
 .data          0xc7e2b9d4        0x4 common/libcommon.a(cmd_load.o)
 .data          0xc7e2b9d8        0x4 common/libcommon.a(cmd_mem.o)
                0xc7e2b9d8                dp_last_length
 .data          0xc7e2b9dc        0x0 common/libcommon.a(cmd_misc.o)
 .data          0xc7e2b9dc        0x0 common/libcommon.a(cmd_nand.o)
 .data          0xc7e2b9dc        0x0 common/libcommon.a(cmd_net.o)
 .data          0xc7e2b9dc        0x0 common/libcommon.a(cmd_nvedit.o)
 .data          0xc7e2b9dc        0x0 common/libcommon.a(cmd_usb.o)
 .data          0xc7e2b9dc        0x0 common/libcommon.a(command.o)
 .data          0xc7e2b9dc        0x0 common/libcommon.a(console.o)
 .data          0xc7e2b9dc        0xc common/libcommon.a(devices.o)
                0xc7e2b9dc                stdio_names
 .data          0xc7e2b9e8      0x414 common/libcommon.a(dlmalloc.o)
 .data          0xc7e2bdfc      0x190 common/libcommon.a(env_common.o)
                0xc7e2bf84                env_get_char
                0xc7e2bdfc                default_environment
                0xc7e2bf88                default_environment_size
 .data          0xc7e2bf8c        0x4 common/libcommon.a(env_nand.o)
                0xc7e2bf8c                env_name_spec
 .data          0xc7e2bf90        0x0 common/libcommon.a(exports.o)
 .data          0xc7e2bf90        0x0 common/libcommon.a(flash.o)
 .data          0xc7e2bf90       0xac common/libcommon.a(hush.o)
 .data          0xc7e2c03c        0x0 common/libcommon.a(lists.o)
 .data          0xc7e2c03c        0x0 common/libcommon.a(s_record.o)
 .data          0xc7e2c03c        0x0 common/libcommon.a(usb.o)
 .data          0xc7e2c03c        0x0 common/libcommon.a(xyzModem.o)
 .data          0xc7e2c03c        0x0 common/libcommon.a(cmd_usbd.o)
 .data          0xc7e2c03c        0x0 common/libcommon.a(cmd_movi.o)
 .data          0xc7e2c03c        0x0 common/libcommon.a(zeke_do.o)
 .data          0xc7e2c03c        0x0 common/libcommon.a(crc16.o)
 .data          0xc7e2c03c        0x0 lib_generic/libgeneric.a(crc32.o)
 .data          0xc7e2c03c      0x100 lib_generic/libgeneric.a(ctype.o)
                0xc7e2c03c                _ctype
 .data          0xc7e2c13c        0x0 lib_generic/libgeneric.a(display_options.o)
 .data          0xc7e2c13c        0x0 lib_generic/libgeneric.a(string.o)
 .data          0xc7e2c13c        0x0 lib_generic/libgeneric.a(vsprintf.o)
 .data          0xc7e2c13c      0x210 lib_generic/libgeneric.a(zlib.o)
                0xc7e2c328                zlib_version
                0xc7e2c32c                z_errmsg
 .data          0xc7e2c34c        0x0 board/samsung/mini6410/libmini6410.a(mini6410.o)
 .data          0xc7e2c34c        0x0 board/samsung/mini6410/libmini6410.a(flash.o)
 .data          0xc7e2c34c        0x0 cpu/s3c64xx/libs3c64xx.a(usb_ohci.o)
 .data          0xc7e2c34c      0x2a0 cpu/s3c64xx/libs3c64xx.a(nand.o)
 .data          0xc7e2c5ec       0x35 cpu/s3c64xx/libs3c64xx.a(usbd-otg-hs.o)
                0xc7e2c5ec                test_pkt
 .data          0xc7e2c621        0x0 lib_arm/libarm.a(armlinux.o)
 .data          0xc7e2c621        0x0 lib_arm/libarm.a(cache.o)
 .data          0xc7e2c621        0x0 drivers/libdrivers.a(1-wire.o)
 *fill*         0xc7e2c621        0x3 00
 .data          0xc7e2c624      0x3f0 drivers/nand/libnand.a(nand_util.o)
 .data          0xc7e2ca14        0x0 lib_generic/libgeneric.a(div64.o)
 .data          0xc7e2ca14        0x0 /usr/local/arm/4.3.2/bin/../lib/gcc/arm-none-linux-gnueabi/4.3.2/armv4t/libgcc.a(_udivsi3.o)
 .data          0xc7e2ca14        0x0 /usr/local/arm/4.3.2/bin/../lib/gcc/arm-none-linux-gnueabi/4.3.2/armv4t/libgcc.a(_divsi3.o)
 .data          0xc7e2ca14        0x0 /usr/local/arm/4.3.2/bin/../lib/gcc/arm-none-linux-gnueabi/4.3.2/armv4t/libgcc.a(_ashrdi3.o)
 .data          0xc7e2ca14        0x0 /usr/local/arm/4.3.2/bin/../lib/gcc/arm-none-linux-gnueabi/4.3.2/armv4t/libgcc.a(_ashldi3.o)
 .data          0xc7e2ca14        0x0 /usr/local/arm/4.3.2/bin/../lib/gcc/arm-none-linux-gnueabi/4.3.2/armv4t/libgcc.a(_dvmd_lnx.o)
                0xc7e2ca14                . = ALIGN (0x4)

.got
 *(.got)
                0xc7e2ca14                __u_boot_cmd_start = .

.u_boot_cmd     0xc7e2ca14      0x438
 *(.u_boot_cmd)
 .u_boot_cmd    0xc7e2ca14       0x18 common/libcommon.a(cmd_bdinfo.o)
                0xc7e2ca14                __u_boot_cmd_bdinfo
 .u_boot_cmd    0xc7e2ca2c       0x30 common/libcommon.a(cmd_boot.o)
                0xc7e2ca44                __u_boot_cmd_reset
                0xc7e2ca2c                __u_boot_cmd_go
 .u_boot_cmd    0xc7e2ca5c       0x30 common/libcommon.a(cmd_bootm.o)
                0xc7e2ca5c                __u_boot_cmd_bootm
                0xc7e2ca74                __u_boot_cmd_imls
 .u_boot_cmd    0xc7e2ca8c       0x48 common/libcommon.a(cmd_cache.o)
                0xc7e2caa4                __u_boot_cmd_dcache
                0xc7e2cabc                __u_boot_cmd_branch
                0xc7e2ca8c                __u_boot_cmd_icache
 .u_boot_cmd    0xc7e2cad4       0x48 common/libcommon.a(cmd_flash.o)
                0xc7e2cad4                __u_boot_cmd_flinfo
                0xc7e2caec                __u_boot_cmd_erase
                0xc7e2cb04                __u_boot_cmd_protect
 .u_boot_cmd    0xc7e2cb1c       0x18 common/libcommon.a(cmd_itest.o)
                0xc7e2cb1c                __u_boot_cmd_itest
 .u_boot_cmd    0xc7e2cb34       0x48 common/libcommon.a(cmd_load.o)
                0xc7e2cb64                __u_boot_cmd_loady
                0xc7e2cb4c                __u_boot_cmd_loadb
                0xc7e2cb34                __u_boot_cmd_loads
 .u_boot_cmd    0xc7e2cb7c       0xf0 common/libcommon.a(cmd_mem.o)
                0xc7e2cb7c                __u_boot_cmd_md
                0xc7e2cbf4                __u_boot_cmd_cmp
                0xc7e2cbc4                __u_boot_cmd_mw
                0xc7e2cc3c                __u_boot_cmd_loop
                0xc7e2cc24                __u_boot_cmd_base
                0xc7e2cb94                __u_boot_cmd_mm
                0xc7e2cc0c                __u_boot_cmd_crc32
                0xc7e2cbac                __u_boot_cmd_nm
                0xc7e2cc54                __u_boot_cmd_mtest
                0xc7e2cbdc                __u_boot_cmd_cp
 .u_boot_cmd    0xc7e2cc6c       0x18 common/libcommon.a(cmd_misc.o)
                0xc7e2cc6c                __u_boot_cmd_sleep
 .u_boot_cmd    0xc7e2cc84       0x30 common/libcommon.a(cmd_nand.o)
                0xc7e2cc84                __u_boot_cmd_nand
                0xc7e2cc9c                __u_boot_cmd_nboot
 .u_boot_cmd    0xc7e2ccb4       0x78 common/libcommon.a(cmd_net.o)
                0xc7e2ccfc                __u_boot_cmd_nfs
                0xc7e2cd14                __u_boot_cmd_ping
                0xc7e2cce4                __u_boot_cmd_rarpboot
                0xc7e2cccc                __u_boot_cmd_tftpboot
                0xc7e2ccb4                __u_boot_cmd_bootp
 .u_boot_cmd    0xc7e2cd2c       0x48 common/libcommon.a(cmd_nvedit.o)
                0xc7e2cd5c                __u_boot_cmd_saveenv
                0xc7e2cd2c                __u_boot_cmd_printenv
                0xc7e2cd44                __u_boot_cmd_setenv
 .u_boot_cmd    0xc7e2cd74       0x18 common/libcommon.a(cmd_usb.o)
                0xc7e2cd74                __u_boot_cmd_usb
 .u_boot_cmd    0xc7e2cd8c       0x90 common/libcommon.a(command.o)
                0xc7e2cdd4                __u_boot_cmd_exit
                0xc7e2cda4                __u_boot_cmd_echo
                0xc7e2ce04                __u_boot_cmd_question_mark
                0xc7e2cd8c                __u_boot_cmd_version
                0xc7e2cdec                __u_boot_cmd_help
                0xc7e2cdbc                __u_boot_cmd_test
 .u_boot_cmd    0xc7e2ce1c       0x18 common/libcommon.a(cmd_usbd.o)
                0xc7e2ce1c                __u_boot_cmd_dnw
 .u_boot_cmd    0xc7e2ce34       0x18 common/libcommon.a(cmd_movi.o)
                0xc7e2ce34                __u_boot_cmd_movi
                0xc7e2ce4c                __u_boot_cmd_end = .
                0xc7e2ce4c                . = ALIGN (0x4)

.mmudata        0xc7e30000     0x4000
 *(.mmudata)
 .mmudata       0xc7e30000     0x4000 board/samsung/mini6410/libmini6410.a(lowlevel_init.o)
                0xc7e30000                mmu_table
                0xc7e34000                . = ALIGN (0x4)
                0xc7e34000                __bss_start = .

.bss            0xc7e34000    0x14c54
 *(.bss)
 .bss           0xc7e34000        0x0 cpu/s3c64xx/start.o
 .bss           0xc7e34000        0x0 cpu/s3c64xx/s3c6410/cpu_init.o
 .bss           0xc7e34000        0x0 cpu/s3c64xx/onenand_cp.o
 .bss           0xc7e34000        0x0 cpu/s3c64xx/nand_cp.o
 .bss           0xc7e34000        0x4 cpu/s3c64xx/movi.o
                0xc7e34000                movi_hc
 .bss           0xc7e34004        0x0 board/samsung/mini6410/libmini6410.a(lowlevel_init.o)
 .bss           0xc7e34004        0xc cpu/s3c64xx/libs3c64xx.a(interrupts.o)
                0xc7e3400c                timer_load_val
 .bss           0xc7e34010        0x0 cpu/s3c64xx/libs3c64xx.a(cpu.o)
 .bss           0xc7e34010       0x4c cpu/s3c64xx/libs3c64xx.a(hs_mmc.o)
 .bss           0xc7e3405c        0x0 cpu/s3c64xx/libs3c64xx.a(serial.o)
 .bss           0xc7e3405c        0x0 cpu/s3c64xx/s3c6410/libs3c6410.a(speed.o)
 .bss           0xc7e3405c       0x14 lib_arm/libarm.a(board.o)
                0xc7e3406c                monitor_flash_len
                0xc7e34068                gd
 .bss           0xc7e34070     0x25cc net/libnet.a(net.o)
                0xc7e340cc                NetArpWaitTry
                0xc7e340a8                NetArpWaitPacketMAC
                0xc7e34080                NetOurEther
                0xc7e3407c                NetOurIP
                0xc7e34088                NetPingIP
                0xc7e340b4                NetServerIP
                0xc7e340b0                NetArpWaitTxPacketSize
                0xc7e3409c                NetArpWaitReplyIP
                0xc7e340ac                NetArpWaitTxPacket
                0xc7e35f00                NetRxPackets
                0xc7e36538                NetOurNISDomain
                0xc7e34090                NetArpWaitPacketIP
                0xc7e34070                NetState
                0xc7e365ba                BootFile
                0xc7e340b8                NetServerEther
                0xc7e34094                NetOurSubnetMask
                0xc7e365b8                NetBootFileSize
                0xc7e34078                NetIPID
                0xc7e36558                NetOurHostName
                0xc7e340a0                NetRxPkt
                0xc7e34098                NetOurGatewayIP
                0xc7e340c4                NetEtherNullAddr
                0xc7e35f10                NetArpWaitPacketBuf
                0xc7e340a4                NetRxPktLen
                0xc7e3408c                NetTxPacket
                0xc7e36530                NetBootFileXferSize
                0xc7e36534                NetOurDNSIP
                0xc7e340e0                PktBuf
                0xc7e36578                NetOurRootPath
                0xc7e340d0                NetArpWaitTimerStart
 .bss           0xc7e3663c       0x34 net/libnet.a(tftp.o)
 .bss           0xc7e36670        0x8 net/libnet.a(bootp.o)
                0xc7e36670                BootpTry
                0xc7e36674                BootpID
 .bss           0xc7e36678        0x4 net/libnet.a(rarp.o)
                0xc7e36678                RarpTry
 .bss           0xc7e3667c        0x0 net/libnet.a(eth.o)
 .bss           0xc7e3667c      0x8b0 net/libnet.a(nfs.o)
 .bss           0xc7e36f2c       0xa8 drivers/libdrivers.a(dm9000x.o)
 .bss           0xc7e36fd4      0x1b8 drivers/nand/libnand.a(nand.o)
                0xc7e36fd4                nand_info
 .bss           0xc7e3718c        0x0 drivers/nand/libnand.a(nand_base.o)
 .bss           0xc7e3718c        0x0 drivers/nand/libnand.a(nand_ids.o)
 .bss           0xc7e3718c        0x0 drivers/nand/libnand.a(nand_ecc.o)
 .bss           0xc7e3718c        0x0 drivers/nand/libnand.a(nand_bbt.o)
 .bss           0xc7e3718c     0x1564 common/libcommon.a(main.o)
                0xc7e385f0                console_buffer
                0xc7e385a0                hist_list
                0xc7e371a0                hist_lines
                0xc7e3719c                hist_num
 .bss           0xc7e386f0        0x0 common/libcommon.a(cmd_bdinfo.o)
 .bss           0xc7e386f0        0x0 common/libcommon.a(cmd_boot.o)
 .bss           0xc7e386f0       0x40 common/libcommon.a(cmd_bootm.o)
                0xc7e386f0                header
 .bss           0xc7e38730        0x0 common/libcommon.a(cmd_cache.o)
 .bss           0xc7e38730        0x0 common/libcommon.a(cmd_flash.o)
 .bss           0xc7e38730        0x0 common/libcommon.a(cmd_itest.o)
 .bss           0xc7e38730       0x88 common/libcommon.a(cmd_load.o)
                0xc7e38764                his_pad_char
                0xc7e38734                os_data_count
                0xc7e38744                os_data_init
                0xc7e38768                send_ptr
                0xc7e38798                os_data_header
                0xc7e38758                os_data_char
                0xc7e38765                his_eol
                0xc7e3875c                his_quote
                0xc7e3876c                send_parms
                0xc7e38760                his_pad_count
 .bss           0xc7e387b8       0x14 common/libcommon.a(cmd_mem.o)
                0xc7e387c8                dp_last_size
                0xc7e387c4                dp_last_addr
                0xc7e387c0                mm_last_size
                0xc7e387bc                mm_last_addr
 .bss           0xc7e387cc        0x0 common/libcommon.a(cmd_misc.o)
 .bss           0xc7e387cc      0x280 common/libcommon.a(cmd_nand.o)
 .bss           0xc7e38a4c        0x0 common/libcommon.a(cmd_net.o)
 .bss           0xc7e38a4c        0x0 common/libcommon.a(cmd_nvedit.o)
 .bss           0xc7e38a4c        0x0 common/libcommon.a(cmd_usb.o)
 .bss           0xc7e38a4c        0x0 common/libcommon.a(command.o)
 .bss           0xc7e38a4c        0x8 common/libcommon.a(console.o)
 .bss           0xc7e38a54       0x10 common/libcommon.a(devices.o)
                0xc7e38a54                devlist
                0xc7e38a58                stdio_devices
 .bss           0xc7e38a64       0x38 common/libcommon.a(dlmalloc.o)
 .bss           0xc7e38a9c        0x0 common/libcommon.a(env_common.o)
 .bss           0xc7e38a9c        0x4 common/libcommon.a(env_nand.o)
                0xc7e38a9c                env_ptr
 .bss           0xc7e38aa0        0x0 common/libcommon.a(exports.o)
 .bss           0xc7e38aa0        0x0 common/libcommon.a(flash.o)
 .bss           0xc7e38aa0      0x258 common/libcommon.a(hush.o)
                0xc7e38cf4                nesting_level
                0xc7e38cec                last_return_code
 .bss           0xc7e38cf8        0x0 common/libcommon.a(lists.o)
 .bss           0xc7e38cf8        0x0 common/libcommon.a(s_record.o)
 .bss           0xc7e38cf8     0xc99c common/libcommon.a(usb.o)
                0xc7e45684                usb_started
 .bss           0xc7e45694      0x43c common/libcommon.a(xyzModem.o)
 .bss           0xc7e45ad0        0x0 common/libcommon.a(cmd_usbd.o)
 .bss           0xc7e45ad0       0x14 common/libcommon.a(cmd_movi.o)
                0xc7e45ad0                ofsinfo
 .bss           0xc7e45ae4        0x0 common/libcommon.a(zeke_do.o)
 .bss           0xc7e45ae4        0x0 common/libcommon.a(crc16.o)
 .bss           0xc7e45ae4        0x0 lib_generic/libgeneric.a(crc32.o)
 .bss           0xc7e45ae4        0x0 lib_generic/libgeneric.a(ctype.o)
 .bss           0xc7e45ae4        0x0 lib_generic/libgeneric.a(display_options.o)
 .bss           0xc7e45ae4        0x4 lib_generic/libgeneric.a(string.o)
                0xc7e45ae4                ___strtok
 .bss           0xc7e45ae8        0x0 lib_generic/libgeneric.a(vsprintf.o)
 .bss           0xc7e45ae8     0x10a8 lib_generic/libgeneric.a(zlib.o)
 .bss           0xc7e46b90        0x0 board/samsung/mini6410/libmini6410.a(mini6410.o)
 .bss           0xc7e46b90        0x0 board/samsung/mini6410/libmini6410.a(flash.o)
                0xc7e46b90                flash_info
 *fill*         0xc7e46b90       0x70 00
 .bss           0xc7e46c00     0x1600 cpu/s3c64xx/libs3c64xx.a(usb_ohci.o)
                0xc7e48104                got_rhsc
                0xc7e46f40                gtd
                0xc7e46cd0                ohci_dev
                0xc7e48108                devgone
                0xc7e46c00                ptd
                0xc7e48100                phcca
                0xc7e46e60                urb_priv
                0xc7e48000                ghcca
 .bss           0xc7e48200        0xc cpu/s3c64xx/libs3c64xx.a(nand.o)
                0xc7e48204                cur_ecc_mode
                0xc7e48208                nand_type
                0xc7e48200                boot_nand
 .bss           0xc7e4820c       0xb4 cpu/s3c64xx/libs3c64xx.a(usbd-otg-hs.o)
                0xc7e482a8                UsbDownloadFileSize
                0xc7e48290                remode_wakeup
                0xc7e48294                get_status
                0xc7e482a4                op_mode
                0xc7e4829c                get_intf
                0xc7e482b8                s3c_got_header
                0xc7e4829a                config_value
                0xc7e482b0                s3c_receive_done
                0xc7e482a0                s3c_usbd_dn_addr
                0xc7e482ac                UsbDownloadChecksumOK
                0xc7e482b4                speed
                0xc7e482bc                DNW
                0xc7e4820c                otg
 .bss           0xc7e482c0        0x4 lib_arm/libarm.a(armlinux.o)
 .bss           0xc7e482c4        0x0 lib_arm/libarm.a(cache.o)
 .bss           0xc7e482c4        0x0 drivers/libdrivers.a(1-wire.o)
 .bss           0xc7e482c4      0x990 drivers/nand/libnand.a(nand_util.o)
 .bss           0xc7e48c54        0x0 lib_generic/libgeneric.a(div64.o)
 .bss           0xc7e48c54        0x0 /usr/local/arm/4.3.2/bin/../lib/gcc/arm-none-linux-gnueabi/4.3.2/armv4t/libgcc.a(_udivsi3.o)
 .bss           0xc7e48c54        0x0 /usr/local/arm/4.3.2/bin/../lib/gcc/arm-none-linux-gnueabi/4.3.2/armv4t/libgcc.a(_divsi3.o)
 .bss           0xc7e48c54        0x0 /usr/local/arm/4.3.2/bin/../lib/gcc/arm-none-linux-gnueabi/4.3.2/armv4t/libgcc.a(_ashrdi3.o)
 .bss           0xc7e48c54        0x0 /usr/local/arm/4.3.2/bin/../lib/gcc/arm-none-linux-gnueabi/4.3.2/armv4t/libgcc.a(_ashldi3.o)